Apr 22 06:25:02 raspberrypi liblogging-stdlog:  [origin software="rsyslogd" swVersion="8.24.0" x-pid="346" x-info="http://www.rsyslog.com"] rsyslogd was HUPed
Apr 22 06:55:27 raspberrypi rngd[323]: stats: bits received from HRNG source: 9280064
Apr 22 06:55:27 raspberrypi rngd[323]: stats: bits sent to kernel pool: 9236384
Apr 22 06:55:27 raspberrypi rngd[323]: stats: entropy added to kernel pool: 9236384
Apr 22 06:55:27 raspberrypi rngd[323]: stats: FIPS 140-2 successes: 464
Apr 22 06:55:27 raspberrypi rngd[323]: stats: FIPS 140-2 failures: 0
Apr 22 06:55:27 raspberrypi rngd[323]: stats: FIPS 140-2(2001-10-10) Monobit: 0
Apr 22 06:55:27 raspberrypi rngd[323]: stats: FIPS 140-2(2001-10-10) Poker: 0
Apr 22 06:55:27 raspberrypi rngd[323]: stats: FIPS 140-2(2001-10-10) Runs: 0
Apr 22 06:55:27 raspberrypi rngd[323]: stats: FIPS 140-2(2001-10-10) Long run: 0
Apr 22 06:55:27 raspberrypi rngd[323]: stats: FIPS 140-2(2001-10-10) Continuous run: 0
Apr 22 06:55:27 raspberrypi rngd[323]: stats: HRNG source speed: (min=458.222; avg=853.832; max=934.510)Kibits/s
Apr 22 06:55:27 raspberrypi rngd[323]: stats: FIPS tests speed: (min=4.922; avg=7.096; max=14.245)Mibits/s
Apr 22 06:55:27 raspberrypi rngd[323]: stats: Lowest ready-buffers level: 2
Apr 22 06:55:27 raspberrypi rngd[323]: stats: Entropy starvations: 0
Apr 22 06:55:27 raspberrypi rngd[323]: stats: Time spent starving for entropy: (min=0; avg=0.000; max=0)us
Apr 22 06:57:48 raspberrypi systemd[1]: Starting Daily apt upgrade and clean activities...
Apr 22 06:57:50 raspberrypi systemd[1]: Started Daily apt upgrade and clean activities.
Apr 22 06:57:50 raspberrypi systemd[1]: apt-daily-upgrade.timer: Adding 37min 18.402875s random time.
Apr 22 06:57:50 raspberrypi systemd[1]: apt-daily-upgrade.timer: Adding 12min 41.504046s random time.
Apr 22 07:17:01 raspberrypi CRON[22030]: (root) CMD (   cd / && run-parts --report /etc/cron.hourly)
Apr 22 07:55:27 raspberrypi rngd[323]: stats: bits received from HRNG source: 9320064
Apr 22 07:55:27 raspberrypi rngd[323]: stats: bits sent to kernel pool: 9266144
Apr 22 07:55:27 raspberrypi rngd[323]: stats: entropy added to kernel pool: 9266144
Apr 22 07:55:27 raspberrypi rngd[323]: stats: FIPS 140-2 successes: 466
Apr 22 07:55:27 raspberrypi rngd[323]: stats: FIPS 140-2 failures: 0
Apr 22 07:55:27 raspberrypi rngd[323]: stats: FIPS 140-2(2001-10-10) Monobit: 0
Apr 22 07:55:27 raspberrypi rngd[323]: stats: FIPS 140-2(2001-10-10) Poker: 0
Apr 22 07:55:27 raspberrypi rngd[323]: stats: FIPS 140-2(2001-10-10) Runs: 0
Apr 22 07:55:27 raspberrypi rngd[323]: stats: FIPS 140-2(2001-10-10) Long run: 0
Apr 22 07:55:27 raspberrypi rngd[323]: stats: FIPS 140-2(2001-10-10) Continuous run: 0
Apr 22 07:55:27 raspberrypi rngd[323]: stats: HRNG source speed: (min=458.222; avg=853.859; max=934.510)Kibits/s
Apr 22 07:55:27 raspberrypi rngd[323]: stats: FIPS tests speed: (min=4.922; avg=7.095; max=14.245)Mibits/s
Apr 22 07:55:27 raspberrypi rngd[323]: stats: Lowest ready-buffers level: 2
Apr 22 07:55:27 raspberrypi rngd[323]: stats: Entropy starvations: 0
Apr 22 07:55:27 raspberrypi rngd[323]: stats: Time spent starving for entropy: (min=0; avg=0.000; max=0)us
Apr 22 08:17:01 raspberrypi CRON[22093]: (root) CMD (   cd / && run-parts --report /etc/cron.hourly)
Apr 22 08:55:27 raspberrypi rngd[323]: stats: bits received from HRNG source: 9340064
Apr 22 08:55:27 raspberrypi rngd[323]: stats: bits sent to kernel pool: 9296384
Apr 22 08:55:27 raspberrypi rngd[323]: stats: entropy added to kernel pool: 9296384
Apr 22 08:55:27 raspberrypi rngd[323]: stats: FIPS 140-2 successes: 467
Apr 22 08:55:27 raspberrypi rngd[323]: stats: FIPS 140-2 failures: 0
Apr 22 08:55:27 raspberrypi rngd[323]: stats: FIPS 140-2(2001-10-10) Monobit: 0
Apr 22 08:55:27 raspberrypi rngd[323]: stats: FIPS 140-2(2001-10-10) Poker: 0
Apr 22 08:55:27 raspberrypi rngd[323]: stats: FIPS 140-2(2001-10-10) Runs: 0
Apr 22 08:55:27 raspberrypi rngd[323]: stats: FIPS 140-2(2001-10-10) Long run: 0
Apr 22 08:55:27 raspberrypi rngd[323]: stats: FIPS 140-2(2001-10-10) Continuous run: 0
Apr 22 08:55:27 raspberrypi rngd[323]: stats: HRNG source speed: (min=458.222; avg=853.876; max=934.510)Kibits/s
Apr 22 08:55:27 raspberrypi rngd[323]: stats: FIPS tests speed: (min=4.922; avg=7.095; max=14.245)Mibits/s
Apr 22 08:55:27 raspberrypi rngd[323]: stats: Lowest ready-buffers level: 2
Apr 22 08:55:27 raspberrypi rngd[323]: stats: Entropy starvations: 0
Apr 22 08:55:27 raspberrypi rngd[323]: stats: Time spent starving for entropy: (min=0; avg=0.000; max=0)us
Apr 22 09:00:56 raspberrypi kernel: [    0.000000] Booting Linux on physical CPU 0x0
Apr 22 09:00:56 raspberrypi kernel: [    0.000000] Linux version 4.14.98-v7+ (dom@dom-XPS-13-9370) (gcc version 4.9.3 (crosstool-NG crosstool-ng-1.22.0-88-g8460611)) #1200 SMP Tue Feb 12 20:27:48 GMT 2019
Apr 22 09:00:56 raspberrypi kernel: [    0.000000] CPU: ARMv7 Processor [410fd034] revision 4 (ARMv7), cr=10c5383d
Apr 22 09:00:56 raspberrypi kernel: [    0.000000] CPU: div instructions available: patching division code
Apr 22 09:00:56 raspberrypi kernel: [    0.000000] CPU: PIPT / VIPT nonaliasing data cache, VIPT aliasing instruction cache
Apr 22 09:00:56 raspberrypi kernel: [    0.000000] OF: fdt: Machine model: Raspberry Pi 3 Model B Rev 1.2
Apr 22 09:00:56 raspberrypi kernel: [    0.000000] Memory policy: Data cache writealloc
Apr 22 09:00:56 raspberrypi kernel: [    0.000000] cma: Reserved 8 MiB at 0x3ac00000
Apr 22 09:00:56 raspberrypi kernel: [    0.000000] On node 0 totalpages: 242688
Apr 22 09:00:56 raspberrypi kernel: [    0.000000] free_area_init_node: node 0, pgdat 80c85780, node_mem_map ba39f000
Apr 22 09:00:56 raspberrypi kernel: [    0.000000]   Normal zone: 2133 pages used for memmap
Apr 22 09:00:56 raspberrypi kernel: [    0.000000]   Normal zone: 0 pages reserved
Apr 22 09:00:56 raspberrypi kernel: [    0.000000]   Normal zone: 242688 pages, LIFO batch:31
Apr 22 09:00:56 raspberrypi kernel: [    0.000000] percpu: Embedded 17 pages/cpu @ba348000 s38720 r8192 d22720 u69632
Apr 22 09:00:56 raspberrypi kernel: [    0.000000] pcpu-alloc: s38720 r8192 d22720 u69632 alloc=17*4096
Apr 22 09:00:56 raspberrypi kernel: [    0.000000] pcpu-alloc: [0] 0 [0] 1 [0] 2 [0] 3 
Apr 22 09:00:56 raspberrypi kernel: [    0.000000] Built 1 zonelists, mobility grouping on.  Total pages: 240555
Apr 22 09:00:56 raspberrypi kernel: [    0.000000] Kernel command line: 8250.nr_uarts=1 bcm2708_fb.fbwidth=656 bcm2708_fb.fbheight=416 bcm2708_fb.fbswap=1 vc_mem.mem_base=0x3ec00000 vc_mem.mem_size=0x40000000  dwc_otg.lpm_enable=0 console=ttyS0,115200 console=tty1 root=PARTUUID=74bd4027-02 rootfstype=ext4 elevator=deadline fsck.repair=yes rootwait quiet splash plymouth.ignore-serial-consoles
Apr 22 09:00:56 raspberrypi kernel: [    0.000000] PID hash table entries: 4096 (order: 2, 16384 bytes)
Apr 22 09:00:56 raspberrypi kernel: [    0.000000] Dentry cache hash table entries: 131072 (order: 7, 524288 bytes)
Apr 22 09:00:56 raspberrypi kernel: [    0.000000] Inode-cache hash table entries: 65536 (order: 6, 262144 bytes)
Apr 22 09:00:56 raspberrypi kernel: [    0.000000] Memory: 940232K/970752K available (7168K kernel code, 577K rwdata, 2080K rodata, 1024K init, 698K bss, 22328K reserved, 8192K cma-reserved)
Apr 22 09:00:56 raspberrypi kernel: [    0.000000] Virtual kernel memory layout:
Apr 22 09:00:56 raspberrypi kernel: [    0.000000]     vector  : 0xffff0000 - 0xffff1000   (   4 kB)
Apr 22 09:00:56 raspberrypi kernel: [    0.000000]     fixmap  : 0xffc00000 - 0xfff00000   (3072 kB)
Apr 22 09:00:56 raspberrypi kernel: [    0.000000]     vmalloc : 0xbb800000 - 0xff800000   (1088 MB)
Apr 22 09:00:56 raspberrypi kernel: [    0.000000]     lowmem  : 0x80000000 - 0xbb400000   ( 948 MB)
Apr 22 09:00:56 raspberrypi kernel: [    0.000000]     modules : 0x7f000000 - 0x80000000   (  16 MB)
Apr 22 09:00:56 raspberrypi kernel: [    0.000000]       .text : 0x80008000 - 0x80800000   (8160 kB)
Apr 22 09:00:56 raspberrypi kernel: [    0.000000]       .init : 0x80b00000 - 0x80c00000   (1024 kB)
Apr 22 09:00:56 raspberrypi kernel: [    0.000000]       .data : 0x80c00000 - 0x80c906d4   ( 578 kB)
Apr 22 09:00:56 raspberrypi kernel: [    0.000000]        .bss : 0x80c97ef8 - 0x80d468f0   ( 699 kB)
Apr 22 09:00:56 raspberrypi kernel: [    0.000000] SLUB: HWalign=64, Order=0-3, MinObjects=0, CPUs=4, Nodes=1
Apr 22 09:00:56 raspberrypi kernel: [    0.000000] ftrace: allocating 25298 entries in 75 pages
Apr 22 09:00:56 raspberrypi kernel: [    0.000000] Hierarchical RCU implementation.
Apr 22 09:00:56 raspberrypi kernel: [    0.000000] NR_IRQS: 16, nr_irqs: 16, preallocated irqs: 16
Apr 22 09:00:56 raspberrypi kernel: [    0.000000] arch_timer: cp15 timer(s) running at 19.20MHz (phys).
Apr 22 09:00:56 raspberrypi kernel: [    0.000000] clocksource: arch_sys_counter: mask: 0xffffffffffffff max_cycles: 0x46d987e47, max_idle_ns: 440795202767 ns
Apr 22 09:00:56 raspberrypi kernel: [    0.000006] sched_clock: 56 bits at 19MHz, resolution 52ns, wraps every 4398046511078ns
Apr 22 09:00:56 raspberrypi kernel: [    0.000018] Switching to timer-based delay loop, resolution 52ns
Apr 22 09:00:56 raspberrypi kernel: [    0.000265] Console: colour dummy device 80x30
Apr 22 09:00:56 raspberrypi kernel: [    0.000284] console [tty1] enabled
Apr 22 09:00:56 raspberrypi kernel: [    0.000314] Calibrating delay loop (skipped), value calculated using timer frequency.. 38.40 BogoMIPS (lpj=192000)
Apr 22 09:00:56 raspberrypi kernel: [    0.000329] pid_max: default: 32768 minimum: 301
Apr 22 09:00:56 raspberrypi kernel: [    0.000649] Mount-cache hash table entries: 2048 (order: 1, 8192 bytes)
Apr 22 09:00:56 raspberrypi kernel: [    0.000665] Mountpoint-cache hash table entries: 2048 (order: 1, 8192 bytes)
Apr 22 09:00:56 raspberrypi kernel: [    0.001603] Disabling memory control group subsystem
Apr 22 09:00:56 raspberrypi kernel: [    0.001678] CPU: Testing write buffer coherency: ok
Apr 22 09:00:56 raspberrypi kernel: [    0.002095] CPU0: thread -1, cpu 0, socket 0, mpidr 80000000
Apr 22 09:00:56 raspberrypi kernel: [    0.002499] Setting up static identity map for 0x100000 - 0x10003c
Apr 22 09:00:56 raspberrypi kernel: [    0.002624] Hierarchical SRCU implementation.
Apr 22 09:00:56 raspberrypi kernel: [    0.003300] smp: Bringing up secondary CPUs ...
Apr 22 09:00:56 raspberrypi kernel: [    0.004082] CPU1: thread -1, cpu 1, socket 0, mpidr 80000001
Apr 22 09:00:56 raspberrypi kernel: [    0.004927] CPU2: thread -1, cpu 2, socket 0, mpidr 80000002
Apr 22 09:00:56 raspberrypi kernel: [    0.005751] CPU3: thread -1, cpu 3, socket 0, mpidr 80000003
Apr 22 09:00:56 raspberrypi kernel: [    0.005855] smp: Brought up 1 node, 4 CPUs
Apr 22 09:00:56 raspberrypi kernel: [    0.005866] SMP: Total of 4 processors activated (153.60 BogoMIPS).
Apr 22 09:00:56 raspberrypi kernel: [    0.005872] CPU: All CPU(s) started in HYP mode.
Apr 22 09:00:56 raspberrypi kernel: [    0.005876] CPU: Virtualization extensions available.
Apr 22 09:00:56 raspberrypi kernel: [    0.006794] devtmpfs: initialized
Apr 22 09:00:56 raspberrypi kernel: [    0.017206] random: get_random_u32 called from bucket_table_alloc+0xfc/0x24c with crng_init=0
Apr 22 09:00:56 raspberrypi kernel: [    0.017978] VFP support v0.3: implementor 41 architecture 3 part 40 variant 3 rev 4
Apr 22 09:00:56 raspberrypi kernel: [    0.018199] clocksource: jiffies: mask: 0xffffffff max_cycles: 0xffffffff, max_idle_ns: 19112604462750000 ns
Apr 22 09:00:56 raspberrypi kernel: [    0.018217] futex hash table entries: 1024 (order: 4, 65536 bytes)
Apr 22 09:00:56 raspberrypi kernel: [    0.018773] pinctrl core: initialized pinctrl subsystem
Apr 22 09:00:56 raspberrypi kernel: [    0.019521] NET: Registered protocol family 16
Apr 22 09:00:56 raspberrypi kernel: [    0.022249] DMA: preallocated 1024 KiB pool for atomic coherent allocations
Apr 22 09:00:56 raspberrypi kernel: [    0.027255] hw-breakpoint: found 5 (+1 reserved) breakpoint and 4 watchpoint registers.
Apr 22 09:00:56 raspberrypi kernel: [    0.027262] hw-breakpoint: maximum watchpoint size is 8 bytes.
Apr 22 09:00:56 raspberrypi kernel: [    0.027486] Serial: AMBA PL011 UART driver
Apr 22 09:00:56 raspberrypi kernel: [    0.029151] bcm2835-mbox 3f00b880.mailbox: mailbox enabled
Apr 22 09:00:56 raspberrypi kernel: [    0.029618] uart-pl011 3f201000.serial: could not find pctldev for node /soc/gpio@7e200000/uart0_pins, deferring probe
Apr 22 09:00:56 raspberrypi kernel: [    0.061966] bcm2835-dma 3f007000.dma: DMA legacy API manager at bb813000, dmachans=0x1
Apr 22 09:00:56 raspberrypi kernel: [    0.063421] SCSI subsystem initialized
Apr 22 09:00:56 raspberrypi kernel: [    0.063648] usbcore: registered new interface driver usbfs
Apr 22 09:00:56 raspberrypi kernel: [    0.063701] usbcore: registered new interface driver hub
Apr 22 09:00:56 raspberrypi kernel: [    0.063787] usbcore: registered new device driver usb
Apr 22 09:00:56 raspberrypi kernel: [    0.070087] raspberrypi-firmware soc:firmware: Attached to firmware from 2019-02-12 19:42
Apr 22 09:00:56 raspberrypi kernel: [    0.071521] clocksource: Switched to clocksource arch_sys_counter
Apr 22 09:00:56 raspberrypi kernel: [    0.148271] VFS: Disk quotas dquot_6.6.0
Apr 22 09:00:56 raspberrypi kernel: [    0.148353] VFS: Dquot-cache hash table entries: 1024 (order 0, 4096 bytes)
Apr 22 09:00:56 raspberrypi kernel: [    0.148537] FS-Cache: Loaded
Apr 22 09:00:56 raspberrypi kernel: [    0.148724] CacheFiles: Loaded
Apr 22 09:00:56 raspberrypi kernel: [    0.156770] NET: Registered protocol family 2
Apr 22 09:00:56 raspberrypi kernel: [    0.157486] TCP established hash table entries: 8192 (order: 3, 32768 bytes)
Apr 22 09:00:56 raspberrypi kernel: [    0.157596] TCP bind hash table entries: 8192 (order: 4, 65536 bytes)
Apr 22 09:00:56 raspberrypi kernel: [    0.157781] TCP: Hash tables configured (established 8192 bind 8192)
Apr 22 09:00:56 raspberrypi kernel: [    0.157909] UDP hash table entries: 512 (order: 2, 16384 bytes)
Apr 22 09:00:56 raspberrypi kernel: [    0.157953] UDP-Lite hash table entries: 512 (order: 2, 16384 bytes)
Apr 22 09:00:56 raspberrypi kernel: [    0.158180] NET: Registered protocol family 1
Apr 22 09:00:56 raspberrypi kernel: [    0.158652] RPC: Registered named UNIX socket transport module.
Apr 22 09:00:56 raspberrypi kernel: [    0.158658] RPC: Registered udp transport module.
Apr 22 09:00:56 raspberrypi kernel: [    0.158663] RPC: Registered tcp transport module.
Apr 22 09:00:56 raspberrypi kernel: [    0.158668] RPC: Registered tcp NFSv4.1 backchannel transport module.
Apr 22 09:00:56 raspberrypi kernel: [    0.160343] hw perfevents: enabled with armv7_cortex_a7 PMU driver, 7 counters available
Apr 22 09:00:56 raspberrypi kernel: [    0.163124] workingset: timestamp_bits=14 max_order=18 bucket_order=4
Apr 22 09:00:56 raspberrypi kernel: [    0.171280] FS-Cache: Netfs 'nfs' registered for caching
Apr 22 09:00:56 raspberrypi kernel: [    0.171920] NFS: Registering the id_resolver key type
Apr 22 09:00:56 raspberrypi kernel: [    0.171951] Key type id_resolver registered
Apr 22 09:00:56 raspberrypi kernel: [    0.171956] Key type id_legacy registered
Apr 22 09:00:56 raspberrypi kernel: [    0.171971] nfs4filelayout_init: NFSv4 File Layout Driver Registering...
Apr 22 09:00:56 raspberrypi kernel: [    0.173917] Block layer SCSI generic (bsg) driver version 0.4 loaded (major 251)
Apr 22 09:00:56 raspberrypi kernel: [    0.174049] io scheduler noop registered
Apr 22 09:00:56 raspberrypi kernel: [    0.174057] io scheduler deadline registered (default)
Apr 22 09:00:56 raspberrypi kernel: [    0.174226] io scheduler cfq registered
Apr 22 09:00:56 raspberrypi kernel: [    0.174233] io scheduler mq-deadline registered
Apr 22 09:00:56 raspberrypi kernel: [    0.174238] io scheduler kyber registered
Apr 22 09:00:56 raspberrypi kernel: [    0.177007] BCM2708FB: allocated DMA memory fad10000
Apr 22 09:00:56 raspberrypi kernel: [    0.177035] BCM2708FB: allocated DMA channel 0 @ bb813000
Apr 22 09:00:56 raspberrypi kernel: [    0.185601] Console: switching to colour frame buffer device 82x26
Apr 22 09:00:56 raspberrypi kernel: [    0.190802] Serial: 8250/16550 driver, 1 ports, IRQ sharing enabled
Apr 22 09:00:56 raspberrypi kernel: [    0.192178] bcm2835-rng 3f104000.rng: hwrng registered
Apr 22 09:00:56 raspberrypi kernel: [    0.192321] vc-mem: phys_addr:0x00000000 mem_base=0x3ec00000 mem_size:0x40000000(1024 MiB)
Apr 22 09:00:56 raspberrypi kernel: [    0.192767] vc-sm: Videocore shared memory driver
Apr 22 09:00:56 raspberrypi kernel: [    0.193065] gpiomem-bcm2835 3f200000.gpiomem: Initialised: Registers at 0x3f200000
Apr 22 09:00:56 raspberrypi kernel: [    0.202663] brd: module loaded
Apr 22 09:00:56 raspberrypi kernel: [    0.211274] loop: module loaded
Apr 22 09:00:56 raspberrypi kernel: [    0.211286] Loading iSCSI transport class v2.0-870.
Apr 22 09:00:56 raspberrypi kernel: [    0.212032] libphy: Fixed MDIO Bus: probed
Apr 22 09:00:56 raspberrypi kernel: [    0.212129] usbcore: registered new interface driver lan78xx
Apr 22 09:00:56 raspberrypi kernel: [    0.212182] usbcore: registered new interface driver smsc95xx
Apr 22 09:00:56 raspberrypi kernel: [    0.212198] dwc_otg: version 3.00a 10-AUG-2012 (platform bus)
Apr 22 09:00:56 raspberrypi kernel: [    0.240083] dwc_otg 3f980000.usb: base=0xf0980000
Apr 22 09:00:56 raspberrypi kernel: [    0.440273] Core Release: 2.80a
Apr 22 09:00:56 raspberrypi kernel: [    0.440283] Setting default values for core params
Apr 22 09:00:56 raspberrypi kernel: [    0.440314] Finished setting default values for core params
Apr 22 09:00:56 raspberrypi kernel: [    0.640573] Using Buffer DMA mode
Apr 22 09:00:56 raspberrypi kernel: [    0.640579] Periodic Transfer Interrupt Enhancement - disabled
Apr 22 09:00:56 raspberrypi kernel: [    0.640584] Multiprocessor Interrupt Enhancement - disabled
Apr 22 09:00:56 raspberrypi kernel: [    0.640590] OTG VER PARAM: 0, OTG VER FLAG: 0
Apr 22 09:00:56 raspberrypi kernel: [    0.640602] Dedicated Tx FIFOs mode
Apr 22 09:00:56 raspberrypi kernel: [    0.640931] WARN::dwc_otg_hcd_init:1046: FIQ DMA bounce buffers: virt = 0xbad04000 dma = 0xfad04000 len=9024
Apr 22 09:00:56 raspberrypi kernel: [    0.640955] FIQ FSM acceleration enabled for :
Apr 22 09:00:56 raspberrypi kernel: [    0.640955] Non-periodic Split Transactions
Apr 22 09:00:56 raspberrypi kernel: [    0.640955] Periodic Split Transactions
Apr 22 09:00:56 raspberrypi kernel: [    0.640955] High-Speed Isochronous Endpoints
Apr 22 09:00:56 raspberrypi kernel: [    0.640955] Interrupt/Control Split Transaction hack enabled
Apr 22 09:00:56 raspberrypi kernel: [    0.640962] dwc_otg: Microframe scheduler enabled
Apr 22 09:00:56 raspberrypi kernel: [    0.641015] WARN::hcd_init_fiq:459: FIQ on core 1 at 0x805ed94c
Apr 22 09:00:56 raspberrypi kernel: [    0.641026] WARN::hcd_init_fiq:460: FIQ ASM at 0x805edcb4 length 36
Apr 22 09:00:56 raspberrypi kernel: [    0.641038] WARN::hcd_init_fiq:486: MPHI regs_base at 0xf0006000
Apr 22 09:00:56 raspberrypi kernel: [    0.641091] dwc_otg 3f980000.usb: DWC OTG Controller
Apr 22 09:00:56 raspberrypi kernel: [    0.641122] dwc_otg 3f980000.usb: new USB bus registered, assigned bus number 1
Apr 22 09:00:56 raspberrypi kernel: [    0.641152] dwc_otg 3f980000.usb: irq 62, io mem 0x00000000
Apr 22 09:00:56 raspberrypi kernel: [    0.641198] Init: Port Power? op_state=1
Apr 22 09:00:56 raspberrypi kernel: [    0.641204] Init: Power Port (0)
Apr 22 09:00:56 raspberrypi kernel: [    0.641402] usb usb1: New USB device found, idVendor=1d6b, idProduct=0002
Apr 22 09:00:56 raspberrypi kernel: [    0.641412] usb usb1: New USB device strings: Mfr=3, Product=2, SerialNumber=1
Apr 22 09:00:56 raspberrypi kernel: [    0.641421] usb usb1: Product: DWC OTG Controller
Apr 22 09:00:56 raspberrypi kernel: [    0.641429] usb usb1: Manufacturer: Linux 4.14.98-v7+ dwc_otg_hcd
Apr 22 09:00:56 raspberrypi kernel: [    0.641437] usb usb1: SerialNumber: 3f980000.usb
Apr 22 09:00:56 raspberrypi kernel: [    0.642054] hub 1-0:1.0: USB hub found
Apr 22 09:00:56 raspberrypi kernel: [    0.642099] hub 1-0:1.0: 1 port detected
Apr 22 09:00:56 raspberrypi kernel: [    0.642636] dwc_otg: FIQ enabled
Apr 22 09:00:56 raspberrypi kernel: [    0.642641] dwc_otg: NAK holdoff enabled
Apr 22 09:00:56 raspberrypi kernel: [    0.642646] dwc_otg: FIQ split-transaction FSM enabled
Apr 22 09:00:56 raspberrypi kernel: [    0.642661] Module dwc_common_port init
Apr 22 09:00:56 raspberrypi kernel: [    0.642905] usbcore: registered new interface driver usb-storage
Apr 22 09:00:56 raspberrypi kernel: [    0.643068] mousedev: PS/2 mouse device common for all mice
Apr 22 09:00:56 raspberrypi kernel: [    0.643138] IR NEC protocol handler initialized
Apr 22 09:00:56 raspberrypi kernel: [    0.643143] IR RC5(x/sz) protocol handler initialized
Apr 22 09:00:56 raspberrypi kernel: [    0.643149] IR RC6 protocol handler initialized
Apr 22 09:00:56 raspberrypi kernel: [    0.643154] IR JVC protocol handler initialized
Apr 22 09:00:56 raspberrypi kernel: [    0.643159] IR Sony protocol handler initialized
Apr 22 09:00:56 raspberrypi kernel: [    0.643164] IR SANYO protocol handler initialized
Apr 22 09:00:56 raspberrypi kernel: [    0.643169] IR Sharp protocol handler initialized
Apr 22 09:00:56 raspberrypi kernel: [    0.643174] IR MCE Keyboard/mouse protocol handler initialized
Apr 22 09:00:56 raspberrypi kernel: [    0.643179] IR XMP protocol handler initialized
Apr 22 09:00:56 raspberrypi kernel: [    0.643876] bcm2835-wdt 3f100000.watchdog: Broadcom BCM2835 watchdog timer
Apr 22 09:00:56 raspberrypi kernel: [    0.644146] bcm2835-cpufreq: min=600000 max=1200000
Apr 22 09:00:56 raspberrypi kernel: [    0.644516] sdhci: Secure Digital Host Controller Interface driver
Apr 22 09:00:56 raspberrypi kernel: [    0.644521] sdhci: Copyright(c) Pierre Ossman
Apr 22 09:00:56 raspberrypi kernel: [    0.644869] mmc-bcm2835 3f300000.mmc: could not get clk, deferring probe
Apr 22 09:00:56 raspberrypi kernel: [    0.645193] sdhost-bcm2835 3f202000.mmc: could not get clk, deferring probe
Apr 22 09:00:56 raspberrypi kernel: [    0.645294] sdhci-pltfm: SDHCI platform and OF driver helper
Apr 22 09:00:56 raspberrypi kernel: [    0.646679] ledtrig-cpu: registered to indicate activity on CPUs
Apr 22 09:00:56 raspberrypi kernel: [    0.646857] hidraw: raw HID events driver (C) Jiri Kosina
Apr 22 09:00:56 raspberrypi kernel: [    0.646978] usbcore: registered new interface driver usbhid
Apr 22 09:00:56 raspberrypi kernel: [    0.646982] usbhid: USB HID core driver
Apr 22 09:00:56 raspberrypi kernel: [    0.647699] vchiq: vchiq_init_state: slot_zero = bad80000, is_master = 0
Apr 22 09:00:56 raspberrypi kernel: [    0.649100] [vc_sm_connected_init]: start
Apr 22 09:00:56 raspberrypi kernel: [    0.657684] [vc_sm_connected_init]: end - returning 0
Apr 22 09:00:56 raspberrypi kernel: [    0.658303] Initializing XFRM netlink socket
Apr 22 09:00:56 raspberrypi kernel: [    0.658326] NET: Registered protocol family 17
Apr 22 09:00:56 raspberrypi kernel: [    0.658415] Key type dns_resolver registered
Apr 22 09:00:56 raspberrypi kernel: [    0.658956] Registering SWP/SWPB emulation handler
Apr 22 09:00:56 raspberrypi kernel: [    0.659538] registered taskstats version 1
Apr 22 09:00:56 raspberrypi kernel: [    0.665421] uart-pl011 3f201000.serial: cts_event_workaround enabled
Apr 22 09:00:56 raspberrypi kernel: [    0.665497] 3f201000.serial: ttyAMA0 at MMIO 0x3f201000 (irq = 87, base_baud = 0) is a PL011 rev2
Apr 22 09:00:56 raspberrypi kernel: [    0.666996] console [ttyS0] disabled
Apr 22 09:00:56 raspberrypi kernel: [    0.667024] 3f215040.serial: ttyS0 at MMIO 0x0 (irq = 166, base_baud = 31250000) is a 16550
Apr 22 09:00:56 raspberrypi kernel: [    0.667074] console [ttyS0] enabled
Apr 22 09:00:56 raspberrypi kernel: [    0.667947] mmc-bcm2835 3f300000.mmc: mmc_debug:0 mmc_debug2:0
Apr 22 09:00:56 raspberrypi kernel: [    0.667956] mmc-bcm2835 3f300000.mmc: DMA channel allocated
Apr 22 09:00:56 raspberrypi kernel: [    0.722131] sdhost: log_buf @ bad07000 (fad07000)
Apr 22 09:00:56 raspberrypi kernel: [    0.755749] mmc1: queuing unknown CIS tuple 0x80 (2 bytes)
Apr 22 09:00:56 raspberrypi kernel: [    0.757315] mmc1: queuing unknown CIS tuple 0x80 (3 bytes)
Apr 22 09:00:56 raspberrypi kernel: [    0.758882] mmc1: queuing unknown CIS tuple 0x80 (3 bytes)
Apr 22 09:00:56 raspberrypi kernel: [    0.761705] mmc1: queuing unknown CIS tuple 0x80 (7 bytes)
Apr 22 09:00:56 raspberrypi kernel: [    0.801537] mmc0: sdhost-bcm2835 loaded - DMA enabled (>1)
Apr 22 09:00:56 raspberrypi kernel: [    0.802553] of_cfs_init
Apr 22 09:00:56 raspberrypi kernel: [    0.802689] of_cfs_init: OK
Apr 22 09:00:56 raspberrypi kernel: [    0.803183] Waiting for root device PARTUUID=74bd4027-02...
Apr 22 09:00:56 raspberrypi kernel: [    0.835209] random: fast init done
Apr 22 09:00:56 raspberrypi kernel: [    0.861686] Indeed it is in host mode hprt0 = 00021501
Apr 22 09:00:56 raspberrypi kernel: [    0.928778] mmc0: host does not support reading read-only switch, assuming write-enable
Apr 22 09:00:56 raspberrypi kernel: [    0.931581] mmc0: new high speed SDHC card at address 0001
Apr 22 09:00:56 raspberrypi kernel: [    0.932120] mmcblk0: mmc0:0001 00000 14.9 GiB
Apr 22 09:00:56 raspberrypi kernel: [    0.934043]  mmcblk0: p1 p2
Apr 22 09:00:56 raspberrypi kernel: [    0.940588] mmc1: new high speed SDIO card at address 0001
Apr 22 09:00:56 raspberrypi kernel: [    0.954298] EXT4-fs (mmcblk0p2): INFO: recovery required on readonly filesystem
Apr 22 09:00:56 raspberrypi kernel: [    0.954305] EXT4-fs (mmcblk0p2): write access will be enabled during recovery
Apr 22 09:00:56 raspberrypi kernel: [    1.071553] usb 1-1: new high-speed USB device number 2 using dwc_otg
Apr 22 09:00:56 raspberrypi kernel: [    1.071665] Indeed it is in host mode hprt0 = 00001101
Apr 22 09:00:56 raspberrypi kernel: [    1.311789] usb 1-1: New USB device found, idVendor=0424, idProduct=9514
Apr 22 09:00:56 raspberrypi kernel: [    1.311802] usb 1-1: New USB device strings: Mfr=0, Product=0, SerialNumber=0
Apr 22 09:00:56 raspberrypi kernel: [    1.312507] hub 1-1:1.0: USB hub found
Apr 22 09:00:56 raspberrypi kernel: [    1.312585] hub 1-1:1.0: 5 ports detected
Apr 22 09:00:56 raspberrypi kernel: [    1.491701] EXT4-fs (mmcblk0p2): orphan cleanup on readonly fs
Apr 22 09:00:56 raspberrypi kernel: [    1.500749] EXT4-fs (mmcblk0p2): 1 orphan inode deleted
Apr 22 09:00:56 raspberrypi kernel: [    1.500756] EXT4-fs (mmcblk0p2): recovery complete
Apr 22 09:00:56 raspberrypi kernel: [    1.525615] EXT4-fs (mmcblk0p2): mounted filesystem with ordered data mode. Opts: (null)
Apr 22 09:00:56 raspberrypi kernel: [    1.525673] VFS: Mounted root (ext4 filesystem) readonly on device 179:2.
Apr 22 09:00:56 raspberrypi kernel: [    1.534803] devtmpfs: mounted
Apr 22 09:00:56 raspberrypi kernel: [    1.538044] Freeing unused kernel memory: 1024K
Apr 22 09:00:56 raspberrypi kernel: [    1.641582] usb 1-1.1: new high-speed USB device number 3 using dwc_otg
Apr 22 09:00:56 raspberrypi kernel: [    1.801850] usb 1-1.1: New USB device found, idVendor=0424, idProduct=ec00
Apr 22 09:00:56 raspberrypi kernel: [    1.801866] usb 1-1.1: New USB device strings: Mfr=0, Product=0, SerialNumber=0
Apr 22 09:00:56 raspberrypi kernel: [    1.804596] smsc95xx v1.0.6
Apr 22 09:00:56 raspberrypi kernel: [    1.904653] smsc95xx 1-1.1:1.0 eth0: register 'smsc95xx' at usb-3f980000.usb-1.1, smsc95xx USB 2.0 Ethernet, b8:27:eb:9f:eb:e0
Apr 22 09:00:56 raspberrypi kernel: [    2.135002] NET: Registered protocol family 10
Apr 22 09:00:56 raspberrypi kernel: [    2.136196] Segment Routing with IPv6
Apr 22 09:00:56 raspberrypi kernel: [    2.147211] ip_tables: (C) 2000-2006 Netfilter Core Team
Apr 22 09:00:56 raspberrypi kernel: [    2.167922] random: systemd: uninitialized urandom read (16 bytes read)
Apr 22 09:00:56 raspberrypi kernel: [    2.221343] random: systemd: uninitialized urandom read (16 bytes read)
Apr 22 09:00:56 raspberrypi kernel: [    2.254307] random: systemd-gpt-aut: uninitialized urandom read (16 bytes read)
Apr 22 09:00:56 raspberrypi kernel: [    2.886873] i2c /dev entries driver
Apr 22 09:00:56 raspberrypi kernel: [    3.427040] EXT4-fs (mmcblk0p2): re-mounted. Opts: (null)
Apr 22 09:00:56 raspberrypi kernel: [    4.036070] snd_bcm2835: module is from the staging directory, the quality is unknown, you have been warned.
Apr 22 09:00:56 raspberrypi kernel: [    4.040001] bcm2835_alsa bcm2835_alsa: card created with 8 channels
Apr 22 09:00:56 raspberrypi kernel: [    4.235751] brcmfmac: F1 signature read @0x18000000=0x1541a9a6
Apr 22 09:00:56 raspberrypi kernel: [    4.242039] brcmfmac: brcmf_fw_map_chip_to_name: using brcm/brcmfmac43430-sdio.bin for chip 0x00a9a6(43430) rev 0x000001
Apr 22 09:00:56 raspberrypi kernel: [    4.242296] usbcore: registered new interface driver brcmfmac
Apr 22 09:00:56 raspberrypi kernel: [    4.500425] brcmfmac: brcmf_c_preinit_dcmds: Firmware version = wl0: Oct 23 2017 03:55:53 version 7.45.98.38 (r674442 CY) FWID 01-e58d219f
Apr 22 09:00:56 raspberrypi kernel: [    4.501198] brcmfmac: brcmf_c_preinit_dcmds: CLM version = API: 12.2 Data: 7.11.15 Compiler: 1.24.2 ClmImport: 1.24.1 Creation: 2014-05-26 10:53:55 Inc Data: 9.10.39 Inc Compiler: 1.29.4 Inc ClmImport: 1.36.3 Creation: 2017-10-23 03:47:14 
Apr 22 09:00:56 raspberrypi kernel: [    6.123002] random: crng init done
Apr 22 09:00:56 raspberrypi kernel: [    6.123040] random: 7 urandom warning(s) missed due to ratelimiting
Apr 22 09:00:56 raspberrypi kernel: [    6.518141] uart-pl011 3f201000.serial: no DMA platform data
Apr 22 09:00:56 raspberrypi systemd-modules-load[87]: Inserted module 'i2c_dev'
Apr 22 09:00:56 raspberrypi fake-hwclock[90]: ma 22 apr 2019  6:17:01 UTC
Apr 22 09:00:56 raspberrypi systemd[1]: Time has been changed
Apr 22 09:00:56 raspberrypi systemd[1]: Started Restore / save the current clock.
Apr 22 09:00:56 raspberrypi systemd[1]: Starting File System Check on Root Device...
Apr 22 09:00:56 raspberrypi systemd[1]: Started File System Check Daemon to report status.
Apr 22 09:00:56 raspberrypi systemd[1]: Started Create Static Device Nodes in /dev.
Apr 22 09:00:56 raspberrypi systemd[1]: Starting udev Kernel Device Manager...
Apr 22 09:00:56 raspberrypi systemd-fsck[122]: e2fsck 1.43.4 (31-Jan-2017)
Apr 22 09:00:56 raspberrypi systemd-fsck[122]: rootfs: schoon, 152779/953904 bestanden, 1417088/3889152 blokken
Apr 22 09:00:56 raspberrypi systemd[1]: Started File System Check on Root Device.
Apr 22 09:00:56 raspberrypi systemd[1]: Starting Remount Root and Kernel File Systems...
Apr 22 09:00:56 raspberrypi systemd[1]: Started udev Kernel Device Manager.
Apr 22 09:00:56 raspberrypi systemd[1]: Started Remount Root and Kernel File Systems.
Apr 22 09:00:56 raspberrypi systemd[1]: Starting Load/Save Random Seed...
Apr 22 09:00:56 raspberrypi systemd[1]: Starting udev Coldplug all Devices...
Apr 22 09:00:56 raspberrypi systemd[1]: Starting Flush Journal to Persistent Storage...
Apr 22 09:00:56 raspberrypi systemd[1]: Started Set the console keyboard layout.
Apr 22 09:00:56 raspberrypi systemd[1]: Reached target Local File Systems (Pre).
Apr 22 09:00:56 raspberrypi systemd[1]: Started Load/Save Random Seed.
Apr 22 09:00:56 raspberrypi systemd[1]: Started Flush Journal to Persistent Storage.
Apr 22 09:00:56 raspberrypi systemd[1]: Started udev Coldplug all Devices.
Apr 22 09:00:56 raspberrypi systemd[1]: Starting Show Plymouth Boot Screen...
Apr 22 09:00:56 raspberrypi systemd[1]: Started Show Plymouth Boot Screen.
Apr 22 09:00:56 raspberrypi systemd[1]: Reached target Encrypted Volumes.
Apr 22 09:00:56 raspberrypi systemd[1]: Reached target Paths.
Apr 22 09:00:56 raspberrypi systemd[1]: Started Forward Password Requests to Plymouth Directory Watch.
Apr 22 09:00:56 raspberrypi systemd[1]: Found device /dev/serial1.
Apr 22 09:00:56 raspberrypi systemd[1]: Found device /dev/ttyS0.
Apr 22 09:00:56 raspberrypi systemd[1]: Found device /dev/disk/by-partuuid/74bd4027-01.
Apr 22 09:00:56 raspberrypi systemd[1]: Starting File System Check on /dev/disk/by-partuuid/74bd4027-01...
Apr 22 09:00:56 raspberrypi mtp-probe: checking bus 1, device 3: "/sys/devices/platform/soc/3f980000.usb/usb1/1-1/1-1.1"
Apr 22 09:00:56 raspberrypi mtp-probe: bus: 1, device: 3 was not an MTP device
Apr 22 09:00:56 raspberrypi systemd[1]: Reached target Sound Card.
Apr 22 09:00:56 raspberrypi systemd[1]: Listening on Load/Save RF Kill Switch Status /dev/rfkill Watch.
Apr 22 09:00:56 raspberrypi systemd-fsck[229]: fsck.fat 4.1 (2017-01-24)
Apr 22 09:00:56 raspberrypi systemd-fsck[229]: 0x41: Dirty bit is set. Fs was not properly unmounted and some data may be corrupt.
Apr 22 09:00:56 raspberrypi systemd-fsck[229]:  Automatically removing dirty bit.
Apr 22 09:00:56 raspberrypi systemd-fsck[229]: Performing changes.
Apr 22 09:00:56 raspberrypi systemd-fsck[229]: /dev/mmcblk0p1: 185 files, 44783/88440 clusters
Apr 22 09:00:56 raspberrypi systemd[1]: Started File System Check on /dev/disk/by-partuuid/74bd4027-01.
Apr 22 09:00:56 raspberrypi systemd[1]: Mounting /boot...
Apr 22 09:00:56 raspberrypi systemd[1]: Mounted /boot.
Apr 22 09:00:56 raspberrypi systemd[1]: Reached target Local File Systems.
Apr 22 09:00:56 raspberrypi systemd[1]: Starting Tell Plymouth To Write Out Runtime Data...
Apr 22 09:00:56 raspberrypi systemd[1]: Starting Preprocess NFS configuration...
Apr 22 09:00:56 raspberrypi systemd[1]: Starting Create Volatile Files and Directories...
Apr 22 09:00:56 raspberrypi systemd[1]: Starting Set console font and keymap...
Apr 22 09:00:56 raspberrypi systemd[1]: Starting Raise network interfaces...
Apr 22 09:00:56 raspberrypi systemd[1]: Started Preprocess NFS configuration.
Apr 22 09:00:56 raspberrypi systemd[1]: Reached target NFS client services.
Apr 22 09:00:56 raspberrypi systemd[1]: Reached target Remote File Systems (Pre).
Apr 22 09:00:56 raspberrypi systemd[1]: Reached target Remote File Systems.
Apr 22 09:00:56 raspberrypi systemd[1]: Started Set console font and keymap.
Apr 22 09:00:56 raspberrypi systemd[1]: Started Create Volatile Files and Directories.
Apr 22 09:00:56 raspberrypi systemd[1]: Starting Update UTMP about System Boot/Shutdown...
Apr 22 09:00:56 raspberrypi systemd[1]: Starting Network Time Synchronization...
Apr 22 09:00:56 raspberrypi systemd[1]: Started Update UTMP about System Boot/Shutdown.
Apr 22 09:00:56 raspberrypi systemd-timesyncd[284]: System clock time unset or jumped backwards, restoring from recorded timestamp: Mon 2019-04-22 09:00:54 CEST
Apr 22 09:00:56 raspberrypi systemd[1]: Time has been changed
Apr 22 09:00:56 raspberrypi systemd[1]: Started Network Time Synchronization.
Apr 22 09:00:56 raspberrypi systemd[1]: Reached target System Time Synchronized.
Apr 22 09:00:56 raspberrypi systemd[1]: Received SIGRTMIN+20 from PID 191 (plymouthd).
Apr 22 09:00:56 raspberrypi systemd[1]: Started Tell Plymouth To Write Out Runtime Data.
Apr 22 09:00:56 raspberrypi systemd[1]: Reached target System Initialization.
Apr 22 09:00:56 raspberrypi systemd[1]: apt-daily.timer: Adding 1h 10min 24.622584s random time.
Apr 22 09:00:56 raspberrypi systemd[1]: Started Daily apt download activities.
Apr 22 09:00:56 raspberrypi systemd[1]: Listening on Avahi mDNS/DNS-SD Stack Activation Socket.
Apr 22 09:00:56 raspberrypi systemd[1]: Started Daily Cleanup of Temporary Directories.
Apr 22 09:00:56 raspberrypi systemd[1]: apt-daily-upgrade.timer: Adding 17min 32.923490s random time.
Apr 22 09:00:56 raspberrypi systemd[1]: Started Daily apt upgrade and clean activities.
Apr 22 09:00:56 raspberrypi systemd[1]: Reached target Timers.
Apr 22 09:00:56 raspberrypi systemd[1]: Listening on D-Bus System Message Bus Socket.
Apr 22 09:00:56 raspberrypi systemd[1]: Listening on triggerhappy.socket.
Apr 22 09:00:56 raspberrypi systemd[1]: Reached target Sockets.
Apr 22 09:00:56 raspberrypi systemd[1]: Reached target Basic System.
Apr 22 09:00:56 raspberrypi systemd[1]: Starting LSB: Switch to ondemand cpu governor (unless shift key is pressed)...
Apr 22 09:00:56 raspberrypi systemd[1]: Starting Login Service...
Apr 22 09:00:56 raspberrypi systemd[1]: Starting rng-tools.service...
Apr 22 09:00:56 raspberrypi systemd[1]: Starting dhcpcd on all interfaces...
Apr 22 09:00:56 raspberrypi systemd[1]: Started D-Bus System Message Bus.
Apr 22 09:00:56 raspberrypi rng-tools[309]: Starting Hardware RNG entropy gatherer daemon: rngd.
Apr 22 09:00:56 raspberrypi rngd[316]: rngd 2-unofficial-mt.14 starting up...
Apr 22 09:00:56 raspberrypi rngd[316]: entropy feed to the kernel ready
Apr 22 09:00:56 raspberrypi dhcpcd[311]: dev: loaded udev
Apr 22 09:00:56 raspberrypi dhcpcd[311]: forked to background, child pid 329
Apr 22 09:00:56 raspberrypi dbus[313]: [system] Successfully activated service 'org.freedesktop.systemd1'
Apr 22 09:00:56 raspberrypi systemd[1]: Starting WPA supplicant...
Apr 22 09:00:56 raspberrypi systemd[1]: Starting Save/Restore Sound Card State...
Apr 22 09:00:56 raspberrypi systemd[1]: Starting System Logging Service...
Apr 22 09:00:56 raspberrypi systemd[1]: Starting Configure Bluetooth Modems connected by UART...
Apr 22 09:00:56 raspberrypi systemd[1]: Starting Disable WiFi if country not set...
Apr 22 09:00:56 raspberrypi systemd[1]: Starting LSB: Autogenerate and use a swap file...
Apr 22 09:00:56 raspberrypi systemd[1]: Starting Check for v3d driver...
Apr 22 09:00:56 raspberrypi systemd[1]: Started Regular background program processing daemon.
Apr 22 09:00:56 raspberrypi systemd[1]: Starting triggerhappy global hotkey daemon...
Apr 22 09:00:56 raspberrypi systemd[1]: Starting Avahi mDNS/DNS-SD Stack...
Apr 22 09:00:56 raspberrypi systemd[1]: Started rng-tools.service.
Apr 22 09:00:56 raspberrypi systemd[1]: Started dhcpcd on all interfaces.
Apr 22 09:00:56 raspberrypi systemd[1]: Started Save/Restore Sound Card State.
Apr 22 09:00:56 raspberrypi cron[361]: (CRON) INFO (pidfile fd = 3)
Apr 22 09:00:56 raspberrypi systemd[1]: Started Disable WiFi if country not set.
Apr 22 09:00:56 raspberrypi thd[363]: Found socket passed from systemd
Apr 22 09:00:56 raspberrypi systemd[1]: Started triggerhappy global hotkey daemon.
Apr 22 09:00:56 raspberrypi dhcpcd-run-hooks[379]: wlan0: starting wpa_supplicant
Apr 22 09:00:56 raspberrypi systemd[1]: Starting Load/Save RF Kill Switch Status...
Apr 22 09:00:56 raspberrypi systemd[1]: Started Login Service.
Apr 22 09:00:56 raspberrypi systemd[1]: Started Raise network interfaces.
Apr 22 09:00:56 raspberrypi cron[361]: (CRON) INFO (Running @reboot jobs)
Apr 22 09:00:56 raspberrypi dphys-swapfile[349]: Starting dphys-swapfile swapfile setup ...
Apr 22 09:00:56 raspberrypi raspi-config[307]: Checking if shift key is held down:Error opening '/dev/input/event*': No such file or directory
Apr 22 09:00:56 raspberrypi raspi-config[307]:  No. Switching to ondemand scaling governor.
Apr 22 09:00:56 raspberrypi systemd[1]: Started LSB: Switch to ondemand cpu governor (unless shift key is pressed).
Apr 22 09:00:56 raspberrypi systemd[1]: Started WPA supplicant.
Apr 22 09:00:56 raspberrypi systemd[1]: Reached target Network.
Apr 22 09:00:56 raspberrypi wpa_supplicant[338]: Successfully initialized wpa_supplicant
Apr 22 09:00:56 raspberrypi systemd[1]: Starting OpenBSD Secure Shell server...
Apr 22 09:00:56 raspberrypi systemd[1]: Reached target Network is Online.
Apr 22 09:00:56 raspberrypi systemd[1]: Starting /etc/rc.local Compatibility...
Apr 22 09:00:56 raspberrypi systemd[1]: Starting Daily apt download activities...
Apr 22 09:00:56 raspberrypi systemd[1]: Starting Permit User Sessions...
Apr 22 09:00:56 raspberrypi avahi-daemon[366]: Found user 'avahi' (UID 108) and group 'avahi' (GID 112).
Apr 22 09:00:56 raspberrypi avahi-daemon[366]: Successfully dropped root privileges.
Apr 22 09:00:56 raspberrypi avahi-daemon[366]: avahi-daemon 0.6.32 starting up.
Apr 22 09:00:56 raspberrypi systemd[1]: Started VNC Server in Service Mode daemon.
Apr 22 09:00:56 raspberrypi systemd[1]: Started Load/Save RF Kill Switch Status.
Apr 22 09:00:56 raspberrypi systemd[1]: Started Check for v3d driver.
Apr 22 09:00:56 raspberrypi systemd[1]: Started Permit User Sessions.
Apr 22 09:00:56 raspberrypi systemd[1]: Starting Light Display Manager...
Apr 22 09:00:56 raspberrypi liblogging-stdlog:  [origin software="rsyslogd" swVersion="8.24.0" x-pid="341" x-info="http://www.rsyslog.com"] start
Apr 22 09:00:56 raspberrypi avahi-daemon[366]: Successfully called chroot().
Apr 22 09:00:56 raspberrypi avahi-daemon[366]: Successfully dropped remaining capabilities.
Apr 22 09:00:56 raspberrypi systemd[1]: Started System Logging Service.
Apr 22 09:00:56 raspberrypi systemd[1]: Started Avahi mDNS/DNS-SD Stack.
Apr 22 09:00:56 raspberrypi kernel: [    6.756791] IPv6: ADDRCONF(NETDEV_UP): wlan0: link is not ready
Apr 22 09:00:56 raspberrypi kernel: [    6.756803] brcmfmac: power management disabled
Apr 22 09:00:56 raspberrypi avahi-daemon[366]: No service file found in /etc/avahi/services.
Apr 22 09:00:56 raspberrypi systemd[1]: Started /etc/rc.local Compatibility.
Apr 22 09:00:56 raspberrypi systemd[1]: Starting Hold until boot process finishes up...
Apr 22 09:00:56 raspberrypi systemd[1]: Starting Terminate Plymouth Boot Screen...
Apr 22 09:00:56 raspberrypi avahi-daemon[366]: Network interface enumeration completed.
Apr 22 09:00:56 raspberrypi avahi-daemon[366]: Server startup complete. Host name is raspberrypi.local. Local service cookie is 3826467371.
Apr 22 09:00:56 raspberrypi systemd[1]: Received SIGRTMIN+21 from PID 191 (plymouthd).
Apr 22 09:00:56 raspberrypi systemd[1]: Started Hold until boot process finishes up.
Apr 22 09:00:56 raspberrypi systemd[1]: Started Terminate Plymouth Boot Screen.
Apr 22 09:00:56 raspberrypi systemd[1]: Started Getty on tty1.
Apr 22 09:00:56 raspberrypi systemd[1]: Started Serial Getty on ttyS0.
Apr 22 09:00:56 raspberrypi systemd[1]: Reached target Login Prompts.
Apr 22 09:00:56 raspberrypi dphys-swapfile[349]: want /var/swap=100MByte, checking existing: keeping it
Apr 22 09:00:56 raspberrypi kernel: [    6.965573] Adding 102396k swap on /var/swap.  Priority:-2 extents:1 across:102396k SSFS
Apr 22 09:00:56 raspberrypi dphys-swapfile[349]: done.
Apr 22 09:00:56 raspberrypi systemd[1]: Started LSB: Autogenerate and use a swap file.
Apr 22 09:00:56 raspberrypi dhcpcd[329]: eth0: waiting for carrier
Apr 22 09:00:56 raspberrypi dhcpcd[329]: wlan0: waiting for carrier
Apr 22 09:00:56 raspberrypi dhcpcd[329]: wlan0: carrier acquired
Apr 22 09:00:56 raspberrypi kernel: [    7.183646] smsc95xx 1-1.1:1.0 eth0: hardware isn't capable of remote wakeup
Apr 22 09:00:56 raspberrypi kernel: [    7.184396] IPv6: ADDRCONF(NETDEV_UP): eth0: link is not ready
Apr 22 09:00:56 raspberrypi dhcpcd[329]: DUID 00:01:00:01:23:7d:9b:2e:b8:27:eb:ca:be:b5
Apr 22 09:00:56 raspberrypi dhcpcd[329]: wlan0: IAID eb:ca:be:b5
Apr 22 09:00:56 raspberrypi dhcpcd[329]: wlan0: adding address fe80::8735:6f9:3cdc:8e41
Apr 22 09:00:56 raspberrypi dhcpcd[329]: wlan0: carrier lost
Apr 22 09:00:56 raspberrypi CRON[463]: (pi) CMD (python3 /home/pi/gpio-example/test.py > /home/pi/gpio-example/log.txt 2>&1)
Apr 22 09:00:56 raspberrypi dhcpcd[329]: wlan0: deleting address fe80::8735:6f9:3cdc:8e41
Apr 22 09:00:57 raspberrypi kernel: [    7.711765] IPv6: ADDRCONF(NETDEV_CHANGE): wlan0: link becomes ready
Apr 22 09:00:57 raspberrypi dhcpcd[329]: wlan0: carrier acquired
Apr 22 09:00:57 raspberrypi dhcpcd[329]: wlan0: IAID eb:ca:be:b5
Apr 22 09:00:57 raspberrypi dhcpcd[329]: wlan0: adding address fe80::bb09:d8c3:1ba8:77cb
Apr 22 09:00:57 raspberrypi systemd[1]: Started OpenBSD Secure Shell server.
Apr 22 09:00:57 raspberrypi vncserver-x11[447,root]: ServerManager: Server started
Apr 22 09:00:57 raspberrypi lightdm[430]: Error getting user list from org.freedesktop.Accounts: GDBus.Error:org.freedesktop.DBus.Error.ServiceUnknown: The name org.freedesktop.Accounts was not provided by any .service files
Apr 22 09:00:57 raspberrypi systemd[1]: Started Light Display Manager.
Apr 22 09:00:57 raspberrypi dhcpcd[329]: wlan0: rebinding lease of 192.168.1.19
Apr 22 09:00:57 raspberrypi dhcpcd[329]: wlan0: soliciting an IPv6 router
Apr 22 09:00:58 raspberrypi dhcpcd[329]: wlan0: probing address 192.168.1.19/24
Apr 22 09:00:58 raspberrypi vncserver-x11[447,root]: ConsoleDisplay: Cannot find a running X server on vt1
Apr 22 09:00:58 raspberrypi avahi-daemon[366]: Joining mDNS multicast group on interface wlan0.IPv6 with address fe80::bb09:d8c3:1ba8:77cb.
Apr 22 09:00:58 raspberrypi avahi-daemon[366]: New relevant interface wlan0.IPv6 for mDNS.
Apr 22 09:00:58 raspberrypi avahi-daemon[366]: Registering new address record for fe80::bb09:d8c3:1ba8:77cb on wlan0.*.
Apr 22 09:00:58 raspberrypi vncserver-x11[447,root]: ConsoleDisplay: Found running X server (pid=490, binary=/usr/lib/xorg/Xorg)
Apr 22 09:01:00 raspberrypi systemd[1]: Started Daily apt download activities.
Apr 22 09:01:00 raspberrypi systemd[1]: apt-daily.timer: Adding 3h 41min 56.499699s random time.
Apr 22 09:01:00 raspberrypi systemd[1]: apt-daily.timer: Adding 7h 11min 51.273746s random time.
Apr 22 09:01:01 raspberrypi lightdm[541]: Error getting user list from org.freedesktop.Accounts: GDBus.Error:org.freedesktop.DBus.Error.ServiceUnknown: The name org.freedesktop.Accounts was not provided by any .service files
Apr 22 09:01:01 raspberrypi systemd[1]: Created slice User Slice of pi.
Apr 22 09:01:01 raspberrypi systemd[1]: Starting User Manager for UID 1000...
Apr 22 09:01:01 raspberrypi systemd[1]: Started Session c1 of user pi.
Apr 22 09:01:01 raspberrypi systemd[549]: Reached target Paths.
Apr 22 09:01:01 raspberrypi systemd[549]: Listening on GnuPG cryptographic agent and passphrase cache.
Apr 22 09:01:01 raspberrypi systemd[549]: Starting D-Bus User Message Bus Socket.
Apr 22 09:01:01 raspberrypi systemd[549]: Listening on GnuPG cryptographic agent and passphrase cache (restricted).
Apr 22 09:01:01 raspberrypi systemd[549]: Listening on GnuPG cryptographic agent (access for web browsers).
Apr 22 09:01:01 raspberrypi systemd[549]: Reached target Timers.
Apr 22 09:01:01 raspberrypi systemd[549]: Listening on GnuPG cryptographic agent (ssh-agent emulation).
Apr 22 09:01:01 raspberrypi systemd[549]: Listening on D-Bus User Message Bus Socket.
Apr 22 09:01:01 raspberrypi systemd[549]: Reached target Sockets.
Apr 22 09:01:01 raspberrypi systemd[549]: Reached target Basic System.
Apr 22 09:01:01 raspberrypi systemd[549]: Reached target Default.
Apr 22 09:01:01 raspberrypi systemd[549]: Startup finished in 102ms.
Apr 22 09:01:01 raspberrypi systemd[1]: Started User Manager for UID 1000.
Apr 22 09:01:01 raspberrypi kernel: [   12.240169] Bluetooth: Core ver 2.22
Apr 22 09:01:01 raspberrypi kernel: [   12.240303] NET: Registered protocol family 31
Apr 22 09:01:01 raspberrypi kernel: [   12.240310] Bluetooth: HCI device and connection manager initialized
Apr 22 09:01:01 raspberrypi kernel: [   12.240333] Bluetooth: HCI socket layer initialized
Apr 22 09:01:01 raspberrypi kernel: [   12.240342] Bluetooth: L2CAP socket layer initialized
Apr 22 09:01:01 raspberrypi kernel: [   12.240366] Bluetooth: SCO socket layer initialized
Apr 22 09:01:01 raspberrypi lightdm[430]: Error opening audit socket: Protocol not supported
Apr 22 09:01:01 raspberrypi kernel: [   12.261779] Bluetooth: HCI UART driver ver 2.3
Apr 22 09:01:01 raspberrypi kernel: [   12.261791] Bluetooth: HCI UART protocol H4 registered
Apr 22 09:01:01 raspberrypi kernel: [   12.261795] Bluetooth: HCI UART protocol Three-wire (H5) registered
Apr 22 09:01:01 raspberrypi kernel: [   12.261949] Bluetooth: HCI UART protocol Broadcom registered
Apr 22 09:01:01 raspberrypi btuart[343]: bcm43xx_init
Apr 22 09:01:01 raspberrypi btuart[343]: Flash firmware /lib/firmware/brcm/BCM43430A1.hcd
Apr 22 09:01:01 raspberrypi btuart[343]: Set BDADDR UART: b8:27:eb:35:41:4a
Apr 22 09:01:01 raspberrypi btuart[343]: Set Controller UART speed to 921600 bit/s
Apr 22 09:01:01 raspberrypi btuart[343]: Device setup complete
Apr 22 09:01:01 raspberrypi systemd[1]: Starting Load/Save RF Kill Switch Status...
Apr 22 09:01:01 raspberrypi systemd[1]: Started Configure Bluetooth Modems connected by UART.
Apr 22 09:01:01 raspberrypi systemd[1]: Started Load/Save RF Kill Switch Status.
Apr 22 09:01:01 raspberrypi systemd[1]: Created slice system-bthelper.slice.
Apr 22 09:01:01 raspberrypi systemd[1]: Starting Bluetooth service...
Apr 22 09:01:01 raspberrypi systemd[1]: Reached target Multi-User System.
Apr 22 09:01:01 raspberrypi systemd[1]: Reached target Graphical Interface.
Apr 22 09:01:01 raspberrypi systemd[1]: Starting Update UTMP about System Runlevel Changes...
Apr 22 09:01:01 raspberrypi systemd[549]: Started D-Bus User Message Bus.
Apr 22 09:01:01 raspberrypi systemd[1]: Started Update UTMP about System Runlevel Changes.
Apr 22 09:01:01 raspberrypi dbus-daemon[588]: Successfully activated service 'org.freedesktop.systemd1'
Apr 22 09:01:01 raspberrypi bluetoothd[586]: Bluetooth daemon 5.43
Apr 22 09:01:01 raspberrypi systemd[1]: Started Bluetooth service.
Apr 22 09:01:01 raspberrypi systemd[1]: Started BluezALSA proxy.
Apr 22 09:01:01 raspberrypi systemd[1]: Started Raspberry Pi bluetooth helper.
Apr 22 09:01:01 raspberrypi systemd[1]: Reached target Bluetooth.
Apr 22 09:01:01 raspberrypi systemd[1]: Startup finished in 1.945s (kernel) + 10.522s (userspace) = 12.468s.
Apr 22 09:01:01 raspberrypi bluetoothd[586]: Starting SDP server
Apr 22 09:01:01 raspberrypi bthelper[597]: Can't init device hci0: Operation not possible due to RF-kill (132)
Apr 22 09:01:01 raspberrypi systemd[1]: bthelper@hci0.service: Main process exited, code=exited, status=1/FAILURE
Apr 22 09:01:01 raspberrypi systemd[1]: bthelper@hci0.service: Unit entered failed state.
Apr 22 09:01:01 raspberrypi systemd[1]: bthelper@hci0.service: Failed with result 'exit-code'.
Apr 22 09:01:01 raspberrypi kernel: [   12.559729] Bluetooth: BNEP (Ethernet Emulation) ver 1.3
Apr 22 09:01:01 raspberrypi kernel: [   12.559740] Bluetooth: BNEP filters: protocol multicast
Apr 22 09:01:01 raspberrypi kernel: [   12.559758] Bluetooth: BNEP socket layer initialized
Apr 22 09:01:01 raspberrypi dbus[313]: [system] Activating via systemd: service name='org.freedesktop.hostname1' unit='dbus-org.freedesktop.hostname1.service'
Apr 22 09:01:01 raspberrypi bluetoothd[586]: Bluetooth management interface 1.14 initialized
Apr 22 09:01:01 raspberrypi bluetoothd[586]: Failed to obtain handles for "Service Changed" characteristic
Apr 22 09:01:01 raspberrypi bluetoothd[586]: Sap driver initialization failed.
Apr 22 09:01:01 raspberrypi bluetoothd[586]: sap-server: Operation not permitted (1)
Apr 22 09:01:01 raspberrypi bluetoothd[586]: Failed to set mode: Blocked through rfkill (0x12)
Apr 22 09:01:01 raspberrypi bluetoothd[586]: Endpoint registered: sender=:1.10 path=/A2DP/SBC/Source/1
Apr 22 09:01:01 raspberrypi systemd[1]: Starting Hostname Service...
Apr 22 09:01:01 raspberrypi kernel: [   12.610069] Bluetooth: RFCOMM TTY layer initialized
Apr 22 09:01:01 raspberrypi kernel: [   12.610103] Bluetooth: RFCOMM socket layer initialized
Apr 22 09:01:01 raspberrypi kernel: [   12.610133] Bluetooth: RFCOMM ver 1.11
Apr 22 09:01:02 raspberrypi dbus[313]: [system] Successfully activated service 'org.freedesktop.hostname1'
Apr 22 09:01:02 raspberrypi systemd[1]: Started Hostname Service.
Apr 22 09:01:03 raspberrypi dhcpcd[329]: wlan0: leased 192.168.1.19 for 86400 seconds
Apr 22 09:01:03 raspberrypi avahi-daemon[366]: Joining mDNS multicast group on interface wlan0.IPv4 with address 192.168.1.19.
Apr 22 09:01:03 raspberrypi dhcpcd[329]: wlan0: adding route to 192.168.1.0/24
Apr 22 09:01:03 raspberrypi avahi-daemon[366]: New relevant interface wlan0.IPv4 for mDNS.
Apr 22 09:01:03 raspberrypi avahi-daemon[366]: Registering new address record for 192.168.1.19 on wlan0.IPv4.
Apr 22 09:01:03 raspberrypi dhcpcd[329]: wlan0: adding default route via 192.168.1.1
Apr 22 09:01:04 raspberrypi dbus-daemon[588]: Activating via systemd: service name='org.gtk.vfs.Daemon' unit='gvfs-daemon.service'
Apr 22 09:01:04 raspberrypi systemd[549]: Starting Virtual filesystem service...
Apr 22 09:01:04 raspberrypi dbus-daemon[588]: Successfully activated service 'org.gtk.vfs.Daemon'
Apr 22 09:01:04 raspberrypi systemd[549]: Started Virtual filesystem service.
Apr 22 09:01:04 raspberrypi kernel: [   14.949446] fuse init (API version 7.26)
Apr 22 09:01:04 raspberrypi systemd[1]: Mounting FUSE Control File System...
Apr 22 09:01:04 raspberrypi systemd[1]: Mounted FUSE Control File System.
Apr 22 09:01:04 raspberrypi dbus[313]: [system] Activating via systemd: service name='org.freedesktop.PolicyKit1' unit='polkit.service'
Apr 22 09:01:04 raspberrypi systemd[1]: Starting Authorization Manager...
Apr 22 09:01:04 raspberrypi polkitd[740]: started daemon version 0.105 using authority implementation `local' version `0.105'
Apr 22 09:01:04 raspberrypi dbus[313]: [system] Successfully activated service 'org.freedesktop.PolicyKit1'
Apr 22 09:01:04 raspberrypi systemd[1]: Started Authorization Manager.
Apr 22 09:01:05 raspberrypi dbus-daemon[588]: Activating via systemd: service name='org.gtk.vfs.UDisks2VolumeMonitor' unit='gvfs-udisks2-volume-monitor.service'
Apr 22 09:01:05 raspberrypi systemd[549]: Starting Virtual filesystem service - disk device monitor...
Apr 22 09:01:05 raspberrypi dbus[313]: [system] Activating via systemd: service name='org.freedesktop.UDisks2' unit='udisks2.service'
Apr 22 09:01:05 raspberrypi systemd[1]: Starting Disk Manager...
Apr 22 09:01:05 raspberrypi udisksd[774]: udisks daemon version 2.1.8 starting
Apr 22 09:01:05 raspberrypi dbus[313]: [system] Successfully activated service 'org.freedesktop.UDisks2'
Apr 22 09:01:05 raspberrypi systemd[1]: Started Disk Manager.
Apr 22 09:01:05 raspberrypi udisksd[774]: Acquired the name org.freedesktop.UDisks2 on the system message bus
Apr 22 09:01:06 raspberrypi dbus-daemon[588]: Successfully activated service 'org.gtk.vfs.UDisks2VolumeMonitor'
Apr 22 09:01:06 raspberrypi systemd[549]: Started Virtual filesystem service - disk device monitor.
Apr 22 09:01:06 raspberrypi dbus-daemon[588]: Activating via systemd: service name='org.gtk.vfs.GoaVolumeMonitor' unit='gvfs-goa-volume-monitor.service'
Apr 22 09:01:06 raspberrypi systemd[549]: Starting Virtual filesystem service - GNOME Online Accounts monitor...
Apr 22 09:01:06 raspberrypi dbus-daemon[588]: Successfully activated service 'org.gtk.vfs.GoaVolumeMonitor'
Apr 22 09:01:06 raspberrypi systemd[549]: Started Virtual filesystem service - GNOME Online Accounts monitor.
Apr 22 09:01:06 raspberrypi dbus-daemon[588]: Activating via systemd: service name='org.gtk.vfs.AfcVolumeMonitor' unit='gvfs-afc-volume-monitor.service'
Apr 22 09:01:06 raspberrypi systemd[549]: Starting Virtual filesystem service - Apple File Conduit monitor...
Apr 22 09:01:06 raspberrypi gvfs-afc-volume-monitor[786]: Volume monitor alive
Apr 22 09:01:06 raspberrypi dbus-daemon[588]: Successfully activated service 'org.gtk.vfs.AfcVolumeMonitor'
Apr 22 09:01:06 raspberrypi systemd[549]: Started Virtual filesystem service - Apple File Conduit monitor.
Apr 22 09:01:06 raspberrypi dbus-daemon[588]: Activating via systemd: service name='org.gtk.vfs.GPhoto2VolumeMonitor' unit='gvfs-gphoto2-volume-monitor.service'
Apr 22 09:01:06 raspberrypi systemd[549]: Starting Virtual filesystem service - digital camera monitor...
Apr 22 09:01:06 raspberrypi dbus-daemon[588]: Successfully activated service 'org.gtk.vfs.GPhoto2VolumeMonitor'
Apr 22 09:01:06 raspberrypi systemd[549]: Started Virtual filesystem service - digital camera monitor.
Apr 22 09:01:06 raspberrypi dbus-daemon[588]: Activating via systemd: service name='org.gtk.vfs.MTPVolumeMonitor' unit='gvfs-mtp-volume-monitor.service'
Apr 22 09:01:06 raspberrypi systemd[549]: Starting Virtual filesystem service - Media Transfer Protocol monitor...
Apr 22 09:01:06 raspberrypi dbus-daemon[588]: Successfully activated service 'org.gtk.vfs.MTPVolumeMonitor'
Apr 22 09:01:06 raspberrypi systemd[549]: Started Virtual filesystem service - Media Transfer Protocol monitor.
Apr 22 09:01:10 raspberrypi dhcpcd[329]: wlan0: no IPv6 Routers available
Apr 22 09:13:10 raspberrypi systemd[1]: Time has been changed
Apr 22 09:13:10 raspberrypi systemd-timesyncd[284]: Synchronized to time server 213.136.0.252:123 (2.debian.pool.ntp.org).
Apr 22 09:13:10 raspberrypi systemd[549]: Time has been changed
Apr 22 09:13:10 raspberrypi systemd[1]: apt-daily-upgrade.timer: Adding 35min 10.305902s random time.
Apr 22 09:13:10 raspberrypi systemd[1]: apt-daily.timer: Adding 10h 19min 58.908584s random time.
Apr 22 09:17:01 raspberrypi CRON[860]: (root) CMD (   cd / && run-parts --report /etc/cron.hourly)
Apr 22 09:28:11 raspberrypi systemd[1]: Starting Cleanup of Temporary Directories...
Apr 22 09:28:11 raspberrypi systemd[1]: Started Cleanup of Temporary Directories.
Apr 22 10:12:40 raspberrypi rngd[316]: stats: bits received from HRNG source: 80064
Apr 22 10:12:40 raspberrypi rngd[316]: stats: bits sent to kernel pool: 34848
Apr 22 10:12:40 raspberrypi rngd[316]: stats: entropy added to kernel pool: 34848
Apr 22 10:12:40 raspberrypi rngd[316]: stats: FIPS 140-2 successes: 4
Apr 22 10:12:40 raspberrypi rngd[316]: stats: FIPS 140-2 failures: 0
Apr 22 10:12:40 raspberrypi rngd[316]: stats: FIPS 140-2(2001-10-10) Monobit: 0
Apr 22 10:12:41 raspberrypi rngd[316]: stats: FIPS 140-2(2001-10-10) Poker: 0
Apr 22 10:12:41 raspberrypi rngd[316]: stats: FIPS 140-2(2001-10-10) Runs: 0
Apr 22 10:12:41 raspberrypi rngd[316]: stats: FIPS 140-2(2001-10-10) Long run: 0
Apr 22 10:12:41 raspberrypi rngd[316]: stats: FIPS 140-2(2001-10-10) Continuous run: 0
Apr 22 10:12:41 raspberrypi rngd[316]: stats: HRNG source speed: (min=820.399; avg=843.327; max=863.756)Kibits/s
Apr 22 10:12:41 raspberrypi rngd[316]: stats: FIPS tests speed: (min=3.643; avg=5.470; max=7.138)Mibits/s
Apr 22 10:12:41 raspberrypi rngd[316]: stats: Lowest ready-buffers level: 2
Apr 22 10:12:41 raspberrypi rngd[316]: stats: Entropy starvations: 0
Apr 22 10:12:41 raspberrypi rngd[316]: stats: Time spent starving for entropy: (min=0; avg=0.000; max=0)us
Apr 22 10:17:01 raspberrypi CRON[908]: (root) CMD (   cd / && run-parts --report /etc/cron.hourly)
Apr 22 11:12:40 raspberrypi rngd[316]: stats: bits received from HRNG source: 120064
Apr 22 11:12:40 raspberrypi rngd[316]: stats: bits sent to kernel pool: 64608
Apr 22 11:12:40 raspberrypi rngd[316]: stats: entropy added to kernel pool: 64608
Apr 22 11:12:40 raspberrypi rngd[316]: stats: FIPS 140-2 successes: 6
Apr 22 11:12:40 raspberrypi rngd[316]: stats: FIPS 140-2 failures: 0
Apr 22 11:12:40 raspberrypi rngd[316]: stats: FIPS 140-2(2001-10-10) Monobit: 0
Apr 22 11:12:41 raspberrypi rngd[316]: stats: FIPS 140-2(2001-10-10) Poker: 0
Apr 22 11:12:41 raspberrypi rngd[316]: stats: FIPS 140-2(2001-10-10) Runs: 0
Apr 22 11:12:41 raspberrypi rngd[316]: stats: FIPS 140-2(2001-10-10) Long run: 0
Apr 22 11:12:41 raspberrypi rngd[316]: stats: FIPS 140-2(2001-10-10) Continuous run: 0
Apr 22 11:12:41 raspberrypi rngd[316]: stats: HRNG source speed: (min=820.399; avg=849.702; max=864.942)Kibits/s
Apr 22 11:12:41 raspberrypi rngd[316]: stats: FIPS tests speed: (min=3.643; avg=5.928; max=7.138)Mibits/s
Apr 22 11:12:41 raspberrypi rngd[316]: stats: Lowest ready-buffers level: 2
Apr 22 11:12:41 raspberrypi rngd[316]: stats: Entropy starvations: 0
Apr 22 11:12:41 raspberrypi rngd[316]: stats: Time spent starving for entropy: (min=0; avg=0.000; max=0)us
Apr 22 11:17:01 raspberrypi CRON[952]: (root) CMD (   cd / && run-parts --report /etc/cron.hourly)
Apr 22 12:12:40 raspberrypi rngd[316]: stats: bits received from HRNG source: 140064
Apr 22 12:12:40 raspberrypi rngd[316]: stats: bits sent to kernel pool: 94848
Apr 22 12:12:40 raspberrypi rngd[316]: stats: entropy added to kernel pool: 94848
Apr 22 12:12:40 raspberrypi rngd[316]: stats: FIPS 140-2 successes: 7
Apr 22 12:12:40 raspberrypi rngd[316]: stats: FIPS 140-2 failures: 0
Apr 22 12:12:41 raspberrypi rngd[316]: stats: FIPS 140-2(2001-10-10) Monobit: 0
Apr 22 12:12:41 raspberrypi rngd[316]: stats: FIPS 140-2(2001-10-10) Poker: 0
Apr 22 12:12:41 raspberrypi rngd[316]: stats: FIPS 140-2(2001-10-10) Runs: 0
Apr 22 12:12:41 raspberrypi rngd[316]: stats: FIPS 140-2(2001-10-10) Long run: 0
Apr 22 12:12:41 raspberrypi rngd[316]: stats: FIPS 140-2(2001-10-10) Continuous run: 0
Apr 22 12:12:41 raspberrypi rngd[316]: stats: HRNG source speed: (min=820.399; avg=851.369; max=864.942)Kibits/s
Apr 22 12:12:41 raspberrypi rngd[316]: stats: FIPS tests speed: (min=3.643; avg=6.075; max=7.138)Mibits/s
Apr 22 12:12:41 raspberrypi rngd[316]: stats: Lowest ready-buffers level: 2
Apr 22 12:12:41 raspberrypi rngd[316]: stats: Entropy starvations: 0
Apr 22 12:12:41 raspberrypi rngd[316]: stats: Time spent starving for entropy: (min=0; avg=0.000; max=0)us
Apr 22 12:17:01 raspberrypi CRON[998]: (root) CMD (   cd / && run-parts --report /etc/cron.hourly)
Apr 22 13:12:40 raspberrypi rngd[316]: stats: bits received from HRNG source: 180064
Apr 22 13:12:40 raspberrypi rngd[316]: stats: bits sent to kernel pool: 124608
Apr 22 13:12:40 raspberrypi rngd[316]: stats: entropy added to kernel pool: 124608
Apr 22 13:12:40 raspberrypi rngd[316]: stats: FIPS 140-2 successes: 9
Apr 22 13:12:41 raspberrypi rngd[316]: stats: FIPS 140-2 failures: 0
Apr 22 13:12:41 raspberrypi rngd[316]: stats: FIPS 140-2(2001-10-10) Monobit: 0
Apr 22 13:12:41 raspberrypi rngd[316]: stats: FIPS 140-2(2001-10-10) Poker: 0
Apr 22 13:12:41 raspberrypi rngd[316]: stats: FIPS 140-2(2001-10-10) Runs: 0
Apr 22 13:12:41 raspberrypi rngd[316]: stats: FIPS 140-2(2001-10-10) Long run: 0
Apr 22 13:12:41 raspberrypi rngd[316]: stats: FIPS 140-2(2001-10-10) Continuous run: 0
Apr 22 13:12:41 raspberrypi rngd[316]: stats: HRNG source speed: (min=820.399; avg=854.211; max=864.942)Kibits/s
Apr 22 13:12:41 raspberrypi rngd[316]: stats: FIPS tests speed: (min=3.643; avg=6.280; max=7.138)Mibits/s
Apr 22 13:12:41 raspberrypi rngd[316]: stats: Lowest ready-buffers level: 2
Apr 22 13:12:41 raspberrypi rngd[316]: stats: Entropy starvations: 0
Apr 22 13:12:41 raspberrypi rngd[316]: stats: Time spent starving for entropy: (min=0; avg=0.000; max=0)us
Apr 22 13:17:01 raspberrypi CRON[1041]: (root) CMD (   cd / && run-parts --report /etc/cron.hourly)
Apr 22 14:12:40 raspberrypi rngd[316]: stats: bits received from HRNG source: 200064
Apr 22 14:12:40 raspberrypi rngd[316]: stats: bits sent to kernel pool: 154848
Apr 22 14:12:40 raspberrypi rngd[316]: stats: entropy added to kernel pool: 154848
Apr 22 14:12:40 raspberrypi rngd[316]: stats: FIPS 140-2 successes: 10
Apr 22 14:12:41 raspberrypi rngd[316]: stats: FIPS 140-2 failures: 0
Apr 22 14:12:41 raspberrypi rngd[316]: stats: FIPS 140-2(2001-10-10) Monobit: 0
Apr 22 14:12:41 raspberrypi rngd[316]: stats: FIPS 140-2(2001-10-10) Poker: 0
Apr 22 14:12:41 raspberrypi rngd[316]: stats: FIPS 140-2(2001-10-10) Runs: 0
Apr 22 14:12:41 raspberrypi rngd[316]: stats: FIPS 140-2(2001-10-10) Long run: 0
Apr 22 14:12:41 raspberrypi rngd[316]: stats: FIPS 140-2(2001-10-10) Continuous run: 0
Apr 22 14:12:41 raspberrypi rngd[316]: stats: HRNG source speed: (min=820.399; avg=854.999; max=864.942)Kibits/s
Apr 22 14:12:41 raspberrypi rngd[316]: stats: FIPS tests speed: (min=3.643; avg=6.355; max=7.138)Mibits/s
Apr 22 14:12:41 raspberrypi rngd[316]: stats: Lowest ready-buffers level: 2
Apr 22 14:12:41 raspberrypi rngd[316]: stats: Entropy starvations: 0
Apr 22 14:12:41 raspberrypi rngd[316]: stats: Time spent starving for entropy: (min=0; avg=0.000; max=0)us
Apr 22 14:17:01 raspberrypi CRON[1085]: (root) CMD (   cd / && run-parts --report /etc/cron.hourly)
Apr 22 14:17:03 raspberrypi systemd-modules-load[94]: Inserted module 'i2c_dev'
Apr 22 14:17:03 raspberrypi systemd[1]: Started Apply Kernel Variables.
Apr 22 14:17:03 raspberrypi fake-hwclock[84]: ma 22 apr 2019 12:17:01 UTC
Apr 22 14:17:03 raspberrypi systemd[1]: Time has been changed
Apr 22 14:17:03 raspberrypi systemd[1]: Started Restore / save the current clock.
Apr 22 14:17:03 raspberrypi systemd[1]: Starting File System Check on Root Device...
Apr 22 14:17:03 raspberrypi systemd[1]: Started File System Check Daemon to report status.
Apr 22 14:17:03 raspberrypi systemd[1]: Started Create Static Device Nodes in /dev.
Apr 22 14:17:03 raspberrypi systemd[1]: Starting udev Kernel Device Manager...
Apr 22 14:17:03 raspberrypi systemd-fsck[120]: e2fsck 1.43.4 (31-Jan-2017)
Apr 22 14:17:03 raspberrypi systemd-fsck[120]: rootfs: schoon, 152781/953904 bestanden, 1414812/3889152 blokken
Apr 22 14:17:03 raspberrypi kernel: [    0.000000] Booting Linux on physical CPU 0x0
Apr 22 14:17:03 raspberrypi kernel: [    0.000000] Linux version 4.14.98-v7+ (dom@dom-XPS-13-9370) (gcc version 4.9.3 (crosstool-NG crosstool-ng-1.22.0-88-g8460611)) #1200 SMP Tue Feb 12 20:27:48 GMT 2019
Apr 22 14:17:03 raspberrypi kernel: [    0.000000] CPU: ARMv7 Processor [410fd034] revision 4 (ARMv7), cr=10c5383d
Apr 22 14:17:03 raspberrypi kernel: [    0.000000] CPU: div instructions available: patching division code
Apr 22 14:17:03 raspberrypi kernel: [    0.000000] CPU: PIPT / VIPT nonaliasing data cache, VIPT aliasing instruction cache
Apr 22 14:17:03 raspberrypi kernel: [    0.000000] OF: fdt: Machine model: Raspberry Pi 3 Model B Rev 1.2
Apr 22 14:17:03 raspberrypi kernel: [    0.000000] Memory policy: Data cache writealloc
Apr 22 14:17:03 raspberrypi kernel: [    0.000000] cma: Reserved 8 MiB at 0x3ac00000
Apr 22 14:17:03 raspberrypi kernel: [    0.000000] On node 0 totalpages: 242688
Apr 22 14:17:03 raspberrypi kernel: [    0.000000] free_area_init_node: node 0, pgdat 80c85780, node_mem_map ba39f000
Apr 22 14:17:03 raspberrypi kernel: [    0.000000]   Normal zone: 2133 pages used for memmap
Apr 22 14:17:03 raspberrypi kernel: [    0.000000]   Normal zone: 0 pages reserved
Apr 22 14:17:03 raspberrypi kernel: [    0.000000]   Normal zone: 242688 pages, LIFO batch:31
Apr 22 14:17:03 raspberrypi kernel: [    0.000000] percpu: Embedded 17 pages/cpu @ba348000 s38720 r8192 d22720 u69632
Apr 22 14:17:03 raspberrypi kernel: [    0.000000] pcpu-alloc: s38720 r8192 d22720 u69632 alloc=17*4096
Apr 22 14:17:03 raspberrypi kernel: [    0.000000] pcpu-alloc: [0] 0 [0] 1 [0] 2 [0] 3 
Apr 22 14:17:03 raspberrypi kernel: [    0.000000] Built 1 zonelists, mobility grouping on.  Total pages: 240555
Apr 22 14:17:03 raspberrypi kernel: [    0.000000] Kernel command line: 8250.nr_uarts=1 bcm2708_fb.fbwidth=656 bcm2708_fb.fbheight=416 bcm2708_fb.fbswap=1 vc_mem.mem_base=0x3ec00000 vc_mem.mem_size=0x40000000  dwc_otg.lpm_enable=0 console=ttyS0,115200 console=tty1 root=PARTUUID=74bd4027-02 rootfstype=ext4 elevator=deadline fsck.repair=yes rootwait quiet splash plymouth.ignore-serial-consoles
Apr 22 14:17:03 raspberrypi kernel: [    0.000000] PID hash table entries: 4096 (order: 2, 16384 bytes)
Apr 22 14:17:03 raspberrypi kernel: [    0.000000] Dentry cache hash table entries: 131072 (order: 7, 524288 bytes)
Apr 22 14:17:03 raspberrypi kernel: [    0.000000] Inode-cache hash table entries: 65536 (order: 6, 262144 bytes)
Apr 22 14:17:03 raspberrypi kernel: [    0.000000] Memory: 940232K/970752K available (7168K kernel code, 577K rwdata, 2080K rodata, 1024K init, 698K bss, 22328K reserved, 8192K cma-reserved)
Apr 22 14:17:03 raspberrypi kernel: [    0.000000] Virtual kernel memory layout:
Apr 22 14:17:03 raspberrypi kernel: [    0.000000]     vector  : 0xffff0000 - 0xffff1000   (   4 kB)
Apr 22 14:17:03 raspberrypi kernel: [    0.000000]     fixmap  : 0xffc00000 - 0xfff00000   (3072 kB)
Apr 22 14:17:03 raspberrypi kernel: [    0.000000]     vmalloc : 0xbb800000 - 0xff800000   (1088 MB)
Apr 22 14:17:03 raspberrypi kernel: [    0.000000]     lowmem  : 0x80000000 - 0xbb400000   ( 948 MB)
Apr 22 14:17:03 raspberrypi kernel: [    0.000000]     modules : 0x7f000000 - 0x80000000   (  16 MB)
Apr 22 14:17:03 raspberrypi kernel: [    0.000000]       .text : 0x80008000 - 0x80800000   (8160 kB)
Apr 22 14:17:03 raspberrypi kernel: [    0.000000]       .init : 0x80b00000 - 0x80c00000   (1024 kB)
Apr 22 14:17:03 raspberrypi kernel: [    0.000000]       .data : 0x80c00000 - 0x80c906d4   ( 578 kB)
Apr 22 14:17:03 raspberrypi kernel: [    0.000000]        .bss : 0x80c97ef8 - 0x80d468f0   ( 699 kB)
Apr 22 14:17:03 raspberrypi kernel: [    0.000000] SLUB: HWalign=64, Order=0-3, MinObjects=0, CPUs=4, Nodes=1
Apr 22 14:17:03 raspberrypi kernel: [    0.000000] ftrace: allocating 25298 entries in 75 pages
Apr 22 14:17:03 raspberrypi kernel: [    0.000000] Hierarchical RCU implementation.
Apr 22 14:17:03 raspberrypi kernel: [    0.000000] NR_IRQS: 16, nr_irqs: 16, preallocated irqs: 16
Apr 22 14:17:03 raspberrypi kernel: [    0.000000] arch_timer: cp15 timer(s) running at 19.20MHz (phys).
Apr 22 14:17:03 raspberrypi kernel: [    0.000000] clocksource: arch_sys_counter: mask: 0xffffffffffffff max_cycles: 0x46d987e47, max_idle_ns: 440795202767 ns
Apr 22 14:17:03 raspberrypi kernel: [    0.000007] sched_clock: 56 bits at 19MHz, resolution 52ns, wraps every 4398046511078ns
Apr 22 14:17:03 raspberrypi kernel: [    0.000018] Switching to timer-based delay loop, resolution 52ns
Apr 22 14:17:03 raspberrypi kernel: [    0.000269] Console: colour dummy device 80x30
Apr 22 14:17:03 raspberrypi kernel: [    0.000287] console [tty1] enabled
Apr 22 14:17:03 raspberrypi kernel: [    0.000316] Calibrating delay loop (skipped), value calculated using timer frequency.. 38.40 BogoMIPS (lpj=192000)
Apr 22 14:17:03 raspberrypi kernel: [    0.000332] pid_max: default: 32768 minimum: 301
Apr 22 14:17:03 raspberrypi kernel: [    0.000654] Mount-cache hash table entries: 2048 (order: 1, 8192 bytes)
Apr 22 14:17:03 raspberrypi kernel: [    0.000669] Mountpoint-cache hash table entries: 2048 (order: 1, 8192 bytes)
Apr 22 14:17:03 raspberrypi kernel: [    0.001605] Disabling memory control group subsystem
Apr 22 14:17:03 raspberrypi kernel: [    0.001681] CPU: Testing write buffer coherency: ok
Apr 22 14:17:03 raspberrypi kernel: [    0.002102] CPU0: thread -1, cpu 0, socket 0, mpidr 80000000
Apr 22 14:17:03 raspberrypi kernel: [    0.002506] Setting up static identity map for 0x100000 - 0x10003c
Apr 22 14:17:03 raspberrypi kernel: [    0.002630] Hierarchical SRCU implementation.
Apr 22 14:17:03 raspberrypi kernel: [    0.003308] smp: Bringing up secondary CPUs ...
Apr 22 14:17:03 raspberrypi kernel: [    0.004088] CPU1: thread -1, cpu 1, socket 0, mpidr 80000001
Apr 22 14:17:03 raspberrypi kernel: [    0.004935] CPU2: thread -1, cpu 2, socket 0, mpidr 80000002
Apr 22 14:17:03 raspberrypi kernel: [    0.005757] CPU3: thread -1, cpu 3, socket 0, mpidr 80000003
Apr 22 14:17:03 raspberrypi kernel: [    0.005862] smp: Brought up 1 node, 4 CPUs
Apr 22 14:17:03 raspberrypi kernel: [    0.005873] SMP: Total of 4 processors activated (153.60 BogoMIPS).
Apr 22 14:17:03 raspberrypi kernel: [    0.005878] CPU: All CPU(s) started in HYP mode.
Apr 22 14:17:03 raspberrypi kernel: [    0.005883] CPU: Virtualization extensions available.
Apr 22 14:17:03 raspberrypi kernel: [    0.006801] devtmpfs: initialized
Apr 22 14:17:03 raspberrypi kernel: [    0.017210] random: get_random_u32 called from bucket_table_alloc+0xfc/0x24c with crng_init=0
Apr 22 14:17:03 raspberrypi kernel: [    0.017983] VFP support v0.3: implementor 41 architecture 3 part 40 variant 3 rev 4
Apr 22 14:17:03 raspberrypi kernel: [    0.018205] clocksource: jiffies: mask: 0xffffffff max_cycles: 0xffffffff, max_idle_ns: 19112604462750000 ns
Apr 22 14:17:03 raspberrypi kernel: [    0.018223] futex hash table entries: 1024 (order: 4, 65536 bytes)
Apr 22 14:17:03 raspberrypi kernel: [    0.018779] pinctrl core: initialized pinctrl subsystem
Apr 22 14:17:03 raspberrypi kernel: [    0.019530] NET: Registered protocol family 16
Apr 22 14:17:03 raspberrypi kernel: [    0.022273] DMA: preallocated 1024 KiB pool for atomic coherent allocations
Apr 22 14:17:03 raspberrypi kernel: [    0.027279] hw-breakpoint: found 5 (+1 reserved) breakpoint and 4 watchpoint registers.
Apr 22 14:17:03 raspberrypi kernel: [    0.027286] hw-breakpoint: maximum watchpoint size is 8 bytes.
Apr 22 14:17:03 raspberrypi kernel: [    0.027504] Serial: AMBA PL011 UART driver
Apr 22 14:17:03 raspberrypi kernel: [    0.029169] bcm2835-mbox 3f00b880.mailbox: mailbox enabled
Apr 22 14:17:03 raspberrypi kernel: [    0.029638] uart-pl011 3f201000.serial: could not find pctldev for node /soc/gpio@7e200000/uart0_pins, deferring probe
Apr 22 14:17:03 raspberrypi kernel: [    0.061980] bcm2835-dma 3f007000.dma: DMA legacy API manager at bb813000, dmachans=0x1
Apr 22 14:17:03 raspberrypi kernel: [    0.063435] SCSI subsystem initialized
Apr 22 14:17:03 raspberrypi kernel: [    0.063661] usbcore: registered new interface driver usbfs
Apr 22 14:17:03 raspberrypi kernel: [    0.063714] usbcore: registered new interface driver hub
Apr 22 14:17:03 raspberrypi kernel: [    0.063799] usbcore: registered new device driver usb
Apr 22 14:17:03 raspberrypi kernel: [    0.070088] raspberrypi-firmware soc:firmware: Attached to firmware from 2019-02-12 19:42
Apr 22 14:17:03 raspberrypi kernel: [    0.071528] clocksource: Switched to clocksource arch_sys_counter
Apr 22 14:17:03 raspberrypi kernel: [    0.148324] VFS: Disk quotas dquot_6.6.0
Apr 22 14:17:03 raspberrypi kernel: [    0.148406] VFS: Dquot-cache hash table entries: 1024 (order 0, 4096 bytes)
Apr 22 14:17:03 raspberrypi kernel: [    0.148591] FS-Cache: Loaded
Apr 22 14:17:03 raspberrypi kernel: [    0.148778] CacheFiles: Loaded
Apr 22 14:17:03 raspberrypi kernel: [    0.156818] NET: Registered protocol family 2
Apr 22 14:17:03 raspberrypi kernel: [    0.157538] TCP established hash table entries: 8192 (order: 3, 32768 bytes)
Apr 22 14:17:03 raspberrypi kernel: [    0.157647] TCP bind hash table entries: 8192 (order: 4, 65536 bytes)
Apr 22 14:17:03 raspberrypi kernel: [    0.157833] TCP: Hash tables configured (established 8192 bind 8192)
Apr 22 14:17:03 raspberrypi kernel: [    0.157962] UDP hash table entries: 512 (order: 2, 16384 bytes)
Apr 22 14:17:03 raspberrypi kernel: [    0.158006] UDP-Lite hash table entries: 512 (order: 2, 16384 bytes)
Apr 22 14:17:03 raspberrypi kernel: [    0.158235] NET: Registered protocol family 1
Apr 22 14:17:03 raspberrypi kernel: [    0.158697] RPC: Registered named UNIX socket transport module.
Apr 22 14:17:03 raspberrypi kernel: [    0.158703] RPC: Registered udp transport module.
Apr 22 14:17:03 raspberrypi kernel: [    0.158708] RPC: Registered tcp transport module.
Apr 22 14:17:03 raspberrypi kernel: [    0.158713] RPC: Registered tcp NFSv4.1 backchannel transport module.
Apr 22 14:17:03 raspberrypi kernel: [    0.160387] hw perfevents: enabled with armv7_cortex_a7 PMU driver, 7 counters available
Apr 22 14:17:03 raspberrypi kernel: [    0.163178] workingset: timestamp_bits=14 max_order=18 bucket_order=4
Apr 22 14:17:03 raspberrypi kernel: [    0.171329] FS-Cache: Netfs 'nfs' registered for caching
Apr 22 14:17:03 raspberrypi kernel: [    0.171968] NFS: Registering the id_resolver key type
Apr 22 14:17:03 raspberrypi kernel: [    0.172004] Key type id_resolver registered
Apr 22 14:17:03 raspberrypi kernel: [    0.172010] Key type id_legacy registered
Apr 22 14:17:03 raspberrypi kernel: [    0.172026] nfs4filelayout_init: NFSv4 File Layout Driver Registering...
Apr 22 14:17:03 raspberrypi kernel: [    0.173970] Block layer SCSI generic (bsg) driver version 0.4 loaded (major 251)
Apr 22 14:17:03 raspberrypi kernel: [    0.174103] io scheduler noop registered
Apr 22 14:17:03 raspberrypi kernel: [    0.174111] io scheduler deadline registered (default)
Apr 22 14:17:03 raspberrypi kernel: [    0.174281] io scheduler cfq registered
Apr 22 14:17:03 raspberrypi kernel: [    0.174288] io scheduler mq-deadline registered
Apr 22 14:17:03 raspberrypi kernel: [    0.174294] io scheduler kyber registered
Apr 22 14:17:03 raspberrypi kernel: [    0.177058] BCM2708FB: allocated DMA memory fad10000
Apr 22 14:17:03 raspberrypi kernel: [    0.177086] BCM2708FB: allocated DMA channel 0 @ bb813000
Apr 22 14:17:03 raspberrypi kernel: [    0.185653] Console: switching to colour frame buffer device 82x26
Apr 22 14:17:03 raspberrypi kernel: [    0.190854] Serial: 8250/16550 driver, 1 ports, IRQ sharing enabled
Apr 22 14:17:03 raspberrypi systemd[1]: Started File System Check on Root Device.
Apr 22 14:17:03 raspberrypi systemd[1]: Starting Remount Root and Kernel File Systems...
Apr 22 14:17:03 raspberrypi systemd[1]: Started udev Kernel Device Manager.
Apr 22 14:17:03 raspberrypi systemd[1]: Started Remount Root and Kernel File Systems.
Apr 22 14:17:03 raspberrypi systemd[1]: Starting Load/Save Random Seed...
Apr 22 14:17:03 raspberrypi systemd[1]: Starting udev Coldplug all Devices...
Apr 22 14:17:03 raspberrypi systemd[1]: Starting Flush Journal to Persistent Storage...
Apr 22 14:17:03 raspberrypi systemd[1]: Started Set the console keyboard layout.
Apr 22 14:17:03 raspberrypi systemd[1]: Started Load/Save Random Seed.
Apr 22 14:17:03 raspberrypi systemd[1]: Reached target Local File Systems (Pre).
Apr 22 14:17:03 raspberrypi systemd[1]: Started Flush Journal to Persistent Storage.
Apr 22 14:17:03 raspberrypi systemd[1]: Started udev Coldplug all Devices.
Apr 22 14:17:03 raspberrypi systemd[1]: Starting Show Plymouth Boot Screen...
Apr 22 14:17:03 raspberrypi systemd[1]: Started Show Plymouth Boot Screen.
Apr 22 14:17:03 raspberrypi systemd[1]: Reached target Encrypted Volumes.
Apr 22 14:17:03 raspberrypi systemd[1]: Reached target Paths.
Apr 22 14:17:03 raspberrypi systemd[1]: Started Forward Password Requests to Plymouth Directory Watch.
Apr 22 14:17:03 raspberrypi systemd[1]: Found device /dev/ttyS0.
Apr 22 14:17:03 raspberrypi systemd[1]: Found device /dev/serial1.
Apr 22 14:17:03 raspberrypi systemd[1]: Found device /dev/disk/by-partuuid/74bd4027-01.
Apr 22 14:17:03 raspberrypi systemd[1]: Starting File System Check on /dev/disk/by-partuuid/74bd4027-01...
Apr 22 14:17:03 raspberrypi mtp-probe: checking bus 1, device 3: "/sys/devices/platform/soc/3f980000.usb/usb1/1-1/1-1.1"
Apr 22 14:17:03 raspberrypi mtp-probe: bus: 1, device: 3 was not an MTP device
Apr 22 14:17:03 raspberrypi systemd[1]: Reached target Sound Card.
Apr 22 14:17:03 raspberrypi systemd[1]: Listening on Load/Save RF Kill Switch Status /dev/rfkill Watch.
Apr 22 14:17:03 raspberrypi systemd-fsck[222]: fsck.fat 4.1 (2017-01-24)
Apr 22 14:17:03 raspberrypi systemd-fsck[222]: 0x41: Dirty bit is set. Fs was not properly unmounted and some data may be corrupt.
Apr 22 14:17:03 raspberrypi systemd-fsck[222]:  Automatically removing dirty bit.
Apr 22 14:17:03 raspberrypi systemd-fsck[222]: Performing changes.
Apr 22 14:17:03 raspberrypi systemd-fsck[222]: /dev/mmcblk0p1: 185 files, 44783/88440 clusters
Apr 22 14:17:03 raspberrypi systemd[1]: Started File System Check on /dev/disk/by-partuuid/74bd4027-01.
Apr 22 14:17:03 raspberrypi systemd[1]: Mounting /boot...
Apr 22 14:17:03 raspberrypi kernel: [    0.192233] bcm2835-rng 3f104000.rng: hwrng registered
Apr 22 14:17:03 raspberrypi kernel: [    0.192376] vc-mem: phys_addr:0x00000000 mem_base=0x3ec00000 mem_size:0x40000000(1024 MiB)
Apr 22 14:17:03 raspberrypi kernel: [    0.192819] vc-sm: Videocore shared memory driver
Apr 22 14:17:03 raspberrypi kernel: [    0.193105] gpiomem-bcm2835 3f200000.gpiomem: Initialised: Registers at 0x3f200000
Apr 22 14:17:03 raspberrypi kernel: [    0.202740] brd: module loaded
Apr 22 14:17:03 raspberrypi kernel: [    0.211328] loop: module loaded
Apr 22 14:17:03 raspberrypi kernel: [    0.211341] Loading iSCSI transport class v2.0-870.
Apr 22 14:17:03 raspberrypi kernel: [    0.212127] libphy: Fixed MDIO Bus: probed
Apr 22 14:17:03 raspberrypi kernel: [    0.212224] usbcore: registered new interface driver lan78xx
Apr 22 14:17:03 raspberrypi kernel: [    0.212277] usbcore: registered new interface driver smsc95xx
Apr 22 14:17:03 raspberrypi kernel: [    0.212292] dwc_otg: version 3.00a 10-AUG-2012 (platform bus)
Apr 22 14:17:03 raspberrypi kernel: [    0.240179] dwc_otg 3f980000.usb: base=0xf0980000
Apr 22 14:17:03 raspberrypi kernel: [    0.440359] Core Release: 2.80a
Apr 22 14:17:03 raspberrypi kernel: [    0.440368] Setting default values for core params
Apr 22 14:17:03 raspberrypi kernel: [    0.440397] Finished setting default values for core params
Apr 22 14:17:03 raspberrypi kernel: [    0.640647] Using Buffer DMA mode
Apr 22 14:17:03 raspberrypi kernel: [    0.640653] Periodic Transfer Interrupt Enhancement - disabled
Apr 22 14:17:03 raspberrypi kernel: [    0.640658] Multiprocessor Interrupt Enhancement - disabled
Apr 22 14:17:03 raspberrypi kernel: [    0.640664] OTG VER PARAM: 0, OTG VER FLAG: 0
Apr 22 14:17:03 raspberrypi kernel: [    0.640676] Dedicated Tx FIFOs mode
Apr 22 14:17:03 raspberrypi kernel: [    0.641047] WARN::dwc_otg_hcd_init:1046: FIQ DMA bounce buffers: virt = 0xbad04000 dma = 0xfad04000 len=9024
Apr 22 14:17:03 raspberrypi kernel: [    0.641071] FIQ FSM acceleration enabled for :
Apr 22 14:17:03 raspberrypi kernel: [    0.641071] Non-periodic Split Transactions
Apr 22 14:17:03 raspberrypi kernel: [    0.641071] Periodic Split Transactions
Apr 22 14:17:03 raspberrypi kernel: [    0.641071] High-Speed Isochronous Endpoints
Apr 22 14:17:03 raspberrypi kernel: [    0.641071] Interrupt/Control Split Transaction hack enabled
Apr 22 14:17:03 raspberrypi kernel: [    0.641078] dwc_otg: Microframe scheduler enabled
Apr 22 14:17:03 raspberrypi kernel: [    0.641129] WARN::hcd_init_fiq:459: FIQ on core 1 at 0x805ed94c
Apr 22 14:17:03 raspberrypi kernel: [    0.641140] WARN::hcd_init_fiq:460: FIQ ASM at 0x805edcb4 length 36
Apr 22 14:17:03 raspberrypi kernel: [    0.641153] WARN::hcd_init_fiq:486: MPHI regs_base at 0xf0006000
Apr 22 14:17:03 raspberrypi kernel: [    0.641206] dwc_otg 3f980000.usb: DWC OTG Controller
Apr 22 14:17:03 raspberrypi kernel: [    0.641237] dwc_otg 3f980000.usb: new USB bus registered, assigned bus number 1
Apr 22 14:17:03 raspberrypi kernel: [    0.641267] dwc_otg 3f980000.usb: irq 62, io mem 0x00000000
Apr 22 14:17:03 raspberrypi kernel: [    0.641314] Init: Port Power? op_state=1
Apr 22 14:17:03 raspberrypi kernel: [    0.641319] Init: Power Port (0)
Apr 22 14:17:03 raspberrypi kernel: [    0.641543] usb usb1: New USB device found, idVendor=1d6b, idProduct=0002
Apr 22 14:17:03 raspberrypi kernel: [    0.641554] usb usb1: New USB device strings: Mfr=3, Product=2, SerialNumber=1
Apr 22 14:17:03 raspberrypi kernel: [    0.641563] usb usb1: Product: DWC OTG Controller
Apr 22 14:17:03 raspberrypi kernel: [    0.641571] usb usb1: Manufacturer: Linux 4.14.98-v7+ dwc_otg_hcd
Apr 22 14:17:03 raspberrypi kernel: [    0.641579] usb usb1: SerialNumber: 3f980000.usb
Apr 22 14:17:03 raspberrypi kernel: [    0.642162] hub 1-0:1.0: USB hub found
Apr 22 14:17:03 raspberrypi kernel: [    0.642201] hub 1-0:1.0: 1 port detected
Apr 22 14:17:03 raspberrypi kernel: [    0.642699] dwc_otg: FIQ enabled
Apr 22 14:17:03 raspberrypi kernel: [    0.642704] dwc_otg: NAK holdoff enabled
Apr 22 14:17:03 raspberrypi kernel: [    0.642709] dwc_otg: FIQ split-transaction FSM enabled
Apr 22 14:17:03 raspberrypi kernel: [    0.642718] Module dwc_common_port init
Apr 22 14:17:03 raspberrypi kernel: [    0.642934] usbcore: registered new interface driver usb-storage
Apr 22 14:17:03 raspberrypi kernel: [    0.643098] mousedev: PS/2 mouse device common for all mice
Apr 22 14:17:03 raspberrypi kernel: [    0.643166] IR NEC protocol handler initialized
Apr 22 14:17:03 raspberrypi kernel: [    0.643172] IR RC5(x/sz) protocol handler initialized
Apr 22 14:17:03 raspberrypi kernel: [    0.643177] IR RC6 protocol handler initialized
Apr 22 14:17:03 raspberrypi kernel: [    0.643182] IR JVC protocol handler initialized
Apr 22 14:17:03 raspberrypi kernel: [    0.643187] IR Sony protocol handler initialized
Apr 22 14:17:03 raspberrypi kernel: [    0.643192] IR SANYO protocol handler initialized
Apr 22 14:17:03 raspberrypi kernel: [    0.643197] IR Sharp protocol handler initialized
Apr 22 14:17:03 raspberrypi kernel: [    0.643202] IR MCE Keyboard/mouse protocol handler initialized
Apr 22 14:17:03 raspberrypi kernel: [    0.643207] IR XMP protocol handler initialized
Apr 22 14:17:03 raspberrypi systemd[1]: Mounted /boot.
Apr 22 14:17:03 raspberrypi systemd[1]: Reached target Local File Systems.
Apr 22 14:17:03 raspberrypi systemd[1]: Starting Raise network interfaces...
Apr 22 14:17:03 raspberrypi systemd[1]: Starting Tell Plymouth To Write Out Runtime Data...
Apr 22 14:17:03 raspberrypi systemd[1]: Starting Preprocess NFS configuration...
Apr 22 14:17:03 raspberrypi systemd[1]: Starting Set console font and keymap...
Apr 22 14:17:03 raspberrypi systemd[1]: Starting Create Volatile Files and Directories...
Apr 22 14:17:03 raspberrypi systemd[1]: Started Preprocess NFS configuration.
Apr 22 14:17:03 raspberrypi systemd[1]: Started Tell Plymouth To Write Out Runtime Data.
Apr 22 14:17:03 raspberrypi systemd[1]: Reached target NFS client services.
Apr 22 14:17:03 raspberrypi systemd[1]: Reached target Remote File Systems (Pre).
Apr 22 14:17:03 raspberrypi kernel: [    0.643893] bcm2835-wdt 3f100000.watchdog: Broadcom BCM2835 watchdog timer
Apr 22 14:17:03 raspberrypi kernel: [    0.644152] bcm2835-cpufreq: min=600000 max=1200000
Apr 22 14:17:03 raspberrypi systemd[1]: Reached target Remote File Systems.
Apr 22 14:17:03 raspberrypi kernel: [    0.644514] sdhci: Secure Digital Host Controller Interface driver
Apr 22 14:17:03 raspberrypi kernel: [    0.644519] sdhci: Copyright(c) Pierre Ossman
Apr 22 14:17:03 raspberrypi kernel: [    0.644865] mmc-bcm2835 3f300000.mmc: could not get clk, deferring probe
Apr 22 14:17:03 raspberrypi systemd[1]: Started Set console font and keymap.
Apr 22 14:17:03 raspberrypi kernel: [    0.645186] sdhost-bcm2835 3f202000.mmc: could not get clk, deferring probe
Apr 22 14:17:03 raspberrypi kernel: [    0.645287] sdhci-pltfm: SDHCI platform and OF driver helper
Apr 22 14:17:03 raspberrypi kernel: [    0.646663] ledtrig-cpu: registered to indicate activity on CPUs
Apr 22 14:17:03 raspberrypi systemd[1]: Started Create Volatile Files and Directories.
Apr 22 14:17:03 raspberrypi kernel: [    0.646829] hidraw: raw HID events driver (C) Jiri Kosina
Apr 22 14:17:03 raspberrypi kernel: [    0.646972] usbcore: registered new interface driver usbhid
Apr 22 14:17:03 raspberrypi kernel: [    0.646976] usbhid: USB HID core driver
Apr 22 14:17:03 raspberrypi kernel: [    0.647676] vchiq: vchiq_init_state: slot_zero = bad80000, is_master = 0
Apr 22 14:17:03 raspberrypi systemd[1]: Starting Update UTMP about System Boot/Shutdown...
Apr 22 14:17:03 raspberrypi kernel: [    0.649040] [vc_sm_connected_init]: start
Apr 22 14:17:03 raspberrypi kernel: [    0.657725] [vc_sm_connected_init]: end - returning 0
Apr 22 14:17:03 raspberrypi kernel: [    0.658331] Initializing XFRM netlink socket
Apr 22 14:17:03 raspberrypi kernel: [    0.658353] NET: Registered protocol family 17
Apr 22 14:17:03 raspberrypi systemd[1]: Starting Network Time Synchronization...
Apr 22 14:17:03 raspberrypi kernel: [    0.658444] Key type dns_resolver registered
Apr 22 14:17:03 raspberrypi kernel: [    0.658980] Registering SWP/SWPB emulation handler
Apr 22 14:17:03 raspberrypi kernel: [    0.659535] registered taskstats version 1
Apr 22 14:17:03 raspberrypi systemd[1]: Started Update UTMP about System Boot/Shutdown.
Apr 22 14:17:03 raspberrypi kernel: [    0.665441] uart-pl011 3f201000.serial: cts_event_workaround enabled
Apr 22 14:17:03 raspberrypi kernel: [    0.665511] 3f201000.serial: ttyAMA0 at MMIO 0x3f201000 (irq = 87, base_baud = 0) is a PL011 rev2
Apr 22 14:17:03 raspberrypi kernel: [    0.667009] console [ttyS0] disabled
Apr 22 14:17:03 raspberrypi systemd[1]: Started Network Time Synchronization.
Apr 22 14:17:03 raspberrypi kernel: [    0.667036] 3f215040.serial: ttyS0 at MMIO 0x0 (irq = 166, base_baud = 31250000) is a 16550
Apr 22 14:17:03 raspberrypi kernel: [    0.667085] console [ttyS0] enabled
Apr 22 14:17:03 raspberrypi kernel: [    0.667961] mmc-bcm2835 3f300000.mmc: mmc_debug:0 mmc_debug2:0
Apr 22 14:17:03 raspberrypi kernel: [    0.667970] mmc-bcm2835 3f300000.mmc: DMA channel allocated
Apr 22 14:17:03 raspberrypi kernel: [    0.722136] sdhost: log_buf @ bad07000 (fad07000)
Apr 22 14:17:03 raspberrypi kernel: [    0.758341] mmc1: queuing unknown CIS tuple 0x80 (2 bytes)
Apr 22 14:17:03 raspberrypi kernel: [    0.759911] mmc1: queuing unknown CIS tuple 0x80 (3 bytes)
Apr 22 14:17:03 raspberrypi kernel: [    0.761481] mmc1: queuing unknown CIS tuple 0x80 (3 bytes)
Apr 22 14:17:03 raspberrypi kernel: [    0.764270] mmc1: queuing unknown CIS tuple 0x80 (7 bytes)
Apr 22 14:17:03 raspberrypi kernel: [    0.801564] mmc0: sdhost-bcm2835 loaded - DMA enabled (>1)
Apr 22 14:17:03 raspberrypi kernel: [    0.802592] of_cfs_init
Apr 22 14:17:03 raspberrypi kernel: [    0.802727] of_cfs_init: OK
Apr 22 14:17:03 raspberrypi kernel: [    0.803222] Waiting for root device PARTUUID=74bd4027-02...
Apr 22 14:17:03 raspberrypi kernel: [    0.840581] random: fast init done
Apr 22 14:17:03 raspberrypi kernel: [    0.861691] Indeed it is in host mode hprt0 = 00021501
Apr 22 14:17:03 raspberrypi kernel: [    0.928832] mmc0: host does not support reading read-only switch, assuming write-enable
Apr 22 14:17:03 raspberrypi kernel: [    0.931612] mmc0: new high speed SDHC card at address 0001
Apr 22 14:17:03 raspberrypi kernel: [    0.932074] mmcblk0: mmc0:0001 00000 14.9 GiB
Apr 22 14:17:03 raspberrypi systemd[1]: Reached target System Initialization.
Apr 22 14:17:03 raspberrypi kernel: [    0.933974]  mmcblk0: p1 p2
Apr 22 14:17:03 raspberrypi kernel: [    0.943417] mmc1: new high speed SDIO card at address 0001
Apr 22 14:17:03 raspberrypi kernel: [    0.954327] EXT4-fs (mmcblk0p2): INFO: recovery required on readonly filesystem
Apr 22 14:17:03 raspberrypi kernel: [    0.954334] EXT4-fs (mmcblk0p2): write access will be enabled during recovery
Apr 22 14:17:03 raspberrypi systemd[1]: Started Daily Cleanup of Temporary Directories.
Apr 22 14:17:03 raspberrypi kernel: [    1.071562] usb 1-1: new high-speed USB device number 2 using dwc_otg
Apr 22 14:17:03 raspberrypi kernel: [    1.071681] Indeed it is in host mode hprt0 = 00001101
Apr 22 14:17:03 raspberrypi kernel: [    1.311833] usb 1-1: New USB device found, idVendor=0424, idProduct=9514
Apr 22 14:17:03 raspberrypi kernel: [    1.311844] usb 1-1: New USB device strings: Mfr=0, Product=0, SerialNumber=0
Apr 22 14:17:03 raspberrypi kernel: [    1.312477] hub 1-1:1.0: USB hub found
Apr 22 14:17:03 raspberrypi systemd[1]: Listening on D-Bus System Message Bus Socket.
Apr 22 14:17:03 raspberrypi kernel: [    1.312562] hub 1-1:1.0: 5 ports detected
Apr 22 14:17:03 raspberrypi kernel: [    1.567574] EXT4-fs (mmcblk0p2): orphan cleanup on readonly fs
Apr 22 14:17:03 raspberrypi kernel: [    1.567713] EXT4-fs (mmcblk0p2): 1 orphan inode deleted
Apr 22 14:17:03 raspberrypi systemd[1]: Listening on triggerhappy.socket.
Apr 22 14:17:03 raspberrypi kernel: [    1.567720] EXT4-fs (mmcblk0p2): recovery complete
Apr 22 14:17:03 raspberrypi kernel: [    1.592350] EXT4-fs (mmcblk0p2): mounted filesystem with ordered data mode. Opts: (null)
Apr 22 14:17:03 raspberrypi kernel: [    1.592407] VFS: Mounted root (ext4 filesystem) readonly on device 179:2.
Apr 22 14:17:03 raspberrypi kernel: [    1.602909] devtmpfs: mounted
Apr 22 14:17:03 raspberrypi systemd[1]: Listening on Avahi mDNS/DNS-SD Stack Activation Socket.
Apr 22 14:17:03 raspberrypi kernel: [    1.606175] Freeing unused kernel memory: 1024K
Apr 22 14:17:03 raspberrypi kernel: [    1.631574] usb 1-1.1: new high-speed USB device number 3 using dwc_otg
Apr 22 14:17:03 raspberrypi kernel: [    1.761926] usb 1-1.1: New USB device found, idVendor=0424, idProduct=ec00
Apr 22 14:17:03 raspberrypi systemd[1]: Reached target Sockets.
Apr 22 14:17:03 raspberrypi kernel: [    1.761941] usb 1-1.1: New USB device strings: Mfr=0, Product=0, SerialNumber=0
Apr 22 14:17:03 raspberrypi kernel: [    1.764602] smsc95xx v1.0.6
Apr 22 14:17:03 raspberrypi kernel: [    1.854852] smsc95xx 1-1.1:1.0 eth0: register 'smsc95xx' at usb-3f980000.usb-1.1, smsc95xx USB 2.0 Ethernet, b8:27:eb:9f:eb:e0
Apr 22 14:17:03 raspberrypi kernel: [    2.196477] NET: Registered protocol family 10
Apr 22 14:17:03 raspberrypi systemd[1]: Reached target Basic System.
Apr 22 14:17:03 raspberrypi kernel: [    2.197657] Segment Routing with IPv6
Apr 22 14:17:03 raspberrypi kernel: [    2.208196] ip_tables: (C) 2000-2006 Netfilter Core Team
Apr 22 14:17:03 raspberrypi kernel: [    2.229101] random: systemd: uninitialized urandom read (16 bytes read)
Apr 22 14:17:03 raspberrypi systemd[1]: Starting Configure Bluetooth Modems connected by UART...
Apr 22 14:17:03 raspberrypi systemd[1]: Started Regular background program processing daemon.
Apr 22 14:17:03 raspberrypi systemd[1]: Starting rng-tools.service...
Apr 22 14:17:03 raspberrypi systemd[1]: Starting triggerhappy global hotkey daemon...
Apr 22 14:17:03 raspberrypi systemd[1]: Starting LSB: Autogenerate and use a swap file...
Apr 22 14:17:03 raspberrypi cron[311]: (CRON) INFO (pidfile fd = 3)
Apr 22 14:17:03 raspberrypi kernel: [    2.290644] random: systemd: uninitialized urandom read (16 bytes read)
Apr 22 14:17:03 raspberrypi kernel: [    2.326890] random: systemd-gpt-aut: uninitialized urandom read (16 bytes read)
Apr 22 14:17:03 raspberrypi kernel: [    3.017026] i2c /dev entries driver
Apr 22 14:17:03 raspberrypi kernel: [    3.502813] EXT4-fs (mmcblk0p2): re-mounted. Opts: (null)
Apr 22 14:17:03 raspberrypi systemd[1]: Started D-Bus System Message Bus.
Apr 22 14:17:03 raspberrypi kernel: [    4.063895] snd_bcm2835: module is from the staging directory, the quality is unknown, you have been warned.
Apr 22 14:17:03 raspberrypi rng-tools[315]: Starting Hardware RNG entropy gatherer daemon: rngd.
Apr 22 14:17:03 raspberrypi kernel: [    4.069581] bcm2835_alsa bcm2835_alsa: card created with 8 channels
Apr 22 14:17:03 raspberrypi kernel: [    4.198404] brcmfmac: F1 signature read @0x18000000=0x1541a9a6
Apr 22 14:17:03 raspberrypi kernel: [    4.209387] brcmfmac: brcmf_fw_map_chip_to_name: using brcm/brcmfmac43430-sdio.bin for chip 0x00a9a6(43430) rev 0x000001
Apr 22 14:17:03 raspberrypi rngd[334]: rngd 2-unofficial-mt.14 starting up...
Apr 22 14:17:03 raspberrypi kernel: [    4.209639] usbcore: registered new interface driver brcmfmac
Apr 22 14:17:03 raspberrypi kernel: [    4.468902] brcmfmac: brcmf_c_preinit_dcmds: Firmware version = wl0: Oct 23 2017 03:55:53 version 7.45.98.38 (r674442 CY) FWID 01-e58d219f
Apr 22 14:17:03 raspberrypi kernel: [    4.469790] brcmfmac: brcmf_c_preinit_dcmds: CLM version = API: 12.2 Data: 7.11.15 Compiler: 1.24.2 ClmImport: 1.24.1 Creation: 2014-05-26 10:53:55 Inc Data: 9.10.39 Inc Compiler: 1.29.4 Inc ClmImport: 1.36.3 Creation: 2017-10-23 03:47:14 
Apr 22 14:17:03 raspberrypi kernel: [    5.179887] random: crng init done
Apr 22 14:17:03 raspberrypi cron[311]: (CRON) INFO (Running @reboot jobs)
Apr 22 14:17:03 raspberrypi kernel: [    5.179919] random: 7 urandom warning(s) missed due to ratelimiting
Apr 22 14:17:03 raspberrypi kernel: [    5.225728] uart-pl011 3f201000.serial: no DMA platform data
Apr 22 14:17:03 raspberrypi rngd[334]: entropy feed to the kernel ready
Apr 22 14:17:03 raspberrypi thd[316]: Found socket passed from systemd
Apr 22 14:17:03 raspberrypi CRON[346]: (pi) CMD (python3 /home/pi/gpio-example/test.py > /home/pi/gpio-example/log.txt 2>&1)
Apr 22 14:17:03 raspberrypi systemd[1]: Starting Login Service...
Apr 22 14:17:03 raspberrypi systemd[1]: Starting Save/Restore Sound Card State...
Apr 22 14:17:03 raspberrypi systemd[1]: Starting Disable WiFi if country not set...
Apr 22 14:17:03 raspberrypi systemd[1]: Starting dhcpcd on all interfaces...
Apr 22 14:17:03 raspberrypi systemd[1]: Starting System Logging Service...
Apr 22 14:17:03 raspberrypi systemd[1]: Starting Check for v3d driver...
Apr 22 14:17:03 raspberrypi systemd[1]: Starting LSB: Switch to ondemand cpu governor (unless shift key is pressed)...
Apr 22 14:17:03 raspberrypi systemd[1]: Starting WPA supplicant...
Apr 22 14:17:03 raspberrypi systemd[1]: Starting Avahi mDNS/DNS-SD Stack...
Apr 22 14:17:03 raspberrypi systemd[1]: Reached target System Time Synchronized.
Apr 22 14:17:03 raspberrypi systemd[1]: apt-daily.timer: Adding 9h 34min 24.315654s random time.
Apr 22 14:17:03 raspberrypi systemd[1]: Started Daily apt download activities.
Apr 22 14:17:03 raspberrypi systemd[1]: apt-daily-upgrade.timer: Adding 38min 42.564727s random time.
Apr 22 14:17:03 raspberrypi systemd[1]: Started Daily apt upgrade and clean activities.
Apr 22 14:17:03 raspberrypi systemd[1]: Reached target Timers.
Apr 22 14:17:03 raspberrypi systemd[1]: Started triggerhappy global hotkey daemon.
Apr 22 14:17:03 raspberrypi systemd[1]: Received SIGRTMIN+20 from PID 191 (plymouthd).
Apr 22 14:17:03 raspberrypi systemd[1]: Started rng-tools.service.
Apr 22 14:17:03 raspberrypi systemd[1]: Started Save/Restore Sound Card State.
Apr 22 14:17:03 raspberrypi systemd[1]: Started Disable WiFi if country not set.
Apr 22 14:17:03 raspberrypi systemd[1]: Starting Load/Save RF Kill Switch Status...
Apr 22 14:17:03 raspberrypi systemd[1]: Started Login Service.
Apr 22 14:17:03 raspberrypi systemd[1]: Started Load/Save RF Kill Switch Status.
Apr 22 14:17:03 raspberrypi dhcpcd[352]: dev: loaded udev
Apr 22 14:17:03 raspberrypi dhcpcd[352]: forked to background, child pid 367
Apr 22 14:17:03 raspberrypi systemd[1]: Started dhcpcd on all interfaces.
Apr 22 14:17:03 raspberrypi systemd[1]: Started Check for v3d driver.
Apr 22 14:17:03 raspberrypi avahi-daemon[358]: Found user 'avahi' (UID 108) and group 'avahi' (GID 112).
Apr 22 14:17:03 raspberrypi avahi-daemon[358]: Successfully dropped root privileges.
Apr 22 14:17:03 raspberrypi avahi-daemon[358]: avahi-daemon 0.6.32 starting up.
Apr 22 14:17:03 raspberrypi systemd[1]: Started Avahi mDNS/DNS-SD Stack.
Apr 22 14:17:03 raspberrypi avahi-daemon[358]: Successfully called chroot().
Apr 22 14:17:03 raspberrypi avahi-daemon[358]: Successfully dropped remaining capabilities.
Apr 22 14:17:03 raspberrypi systemd[1]: Started WPA supplicant.
Apr 22 14:17:03 raspberrypi wpa_supplicant[357]: Successfully initialized wpa_supplicant
Apr 22 14:17:03 raspberrypi avahi-daemon[358]: No service file found in /etc/avahi/services.
Apr 22 14:17:03 raspberrypi avahi-daemon[358]: Network interface enumeration completed.
Apr 22 14:17:03 raspberrypi avahi-daemon[358]: Server startup complete. Host name is raspberrypi.local. Local service cookie is 2456719579.
Apr 22 14:17:03 raspberrypi liblogging-stdlog:  [origin software="rsyslogd" swVersion="8.24.0" x-pid="353" x-info="http://www.rsyslog.com"] start
Apr 22 14:17:03 raspberrypi systemd[1]: Started System Logging Service.
Apr 22 14:17:04 raspberrypi dhcpcd-run-hooks[388]: wlan0: starting wpa_supplicant
Apr 22 14:17:04 raspberrypi kernel: [    6.366149] IPv6: ADDRCONF(NETDEV_UP): wlan0: link is not ready
Apr 22 14:17:04 raspberrypi kernel: [    6.366182] brcmfmac: power management disabled
Apr 22 14:17:04 raspberrypi dhcpcd[367]: eth0: waiting for carrier
Apr 22 14:17:04 raspberrypi dhcpcd[367]: wlan0: waiting for carrier
Apr 22 14:17:04 raspberrypi dhcpcd[367]: wlan0: carrier acquired
Apr 22 14:17:04 raspberrypi kernel: [    6.813781] smsc95xx 1-1.1:1.0 eth0: hardware isn't capable of remote wakeup
Apr 22 14:17:04 raspberrypi kernel: [    6.814045] IPv6: ADDRCONF(NETDEV_UP): eth0: link is not ready
Apr 22 14:17:04 raspberrypi dhcpcd[367]: DUID 00:01:00:01:23:7d:9b:2e:b8:27:eb:ca:be:b5
Apr 22 14:17:04 raspberrypi dhcpcd[367]: wlan0: IAID eb:ca:be:b5
Apr 22 14:17:04 raspberrypi dhcpcd[367]: wlan0: adding address fe80::8735:6f9:3cdc:8e41
